Archive member included because of file (symbol)

c:/winavr/bin/../lib/gcc/avr/4.3.3/avr5\libgcc.a(_mulsi3.o)
                              ff.o (__mulsi3)
c:/winavr/bin/../lib/gcc/avr/4.3.3/avr5\libgcc.a(_udivmodhi4.o)
                              mmc.o (__udivmodhi4)
c:/winavr/bin/../lib/gcc/avr/4.3.3/avr5\libgcc.a(_udivmodsi4.o)
                              ff.o (__udivmodsi4)
c:/winavr/bin/../lib/gcc/avr/4.3.3/avr5\libgcc.a(_exit.o)
                              c:/winavr/bin/../lib/gcc/avr/4.3.3/../../../../avr/lib/avr5/crtm32.o (exit)
c:/winavr/bin/../lib/gcc/avr/4.3.3/avr5\libgcc.a(_copy_data.o)
                              ff.o (__do_copy_data)
c:/winavr/bin/../lib/gcc/avr/4.3.3/avr5\libgcc.a(_clear_bss.o)
                              ff.o (__do_clear_bss)

Allocating common symbols
Common symbol       size              file

Fatfs               0x236             main.o
Finfo               0x16              main.o
File                0x20              main.o
Timer               0x2               main.o
AccSize             0x4               main.o
Buff                0x100             main.o
Dir                 0x16              main.o
AccDirs             0x2               main.o
AccFiles            0x2               main.o

Discarded input sections

 .data          0x00000000        0x0 c:/winavr/bin/../lib/gcc/avr/4.3.3/../../../../avr/lib/avr5/crtm32.o
 .bss           0x00000000        0x0 c:/winavr/bin/../lib/gcc/avr/4.3.3/../../../../avr/lib/avr5/crtm32.o
 .text          0x00000000        0x0 ff.o
 .bss           0x00000000        0x0 ff.o
 .text.clust2sect
                0x00000000        0x0 ff.o
 .text.f_chdrive
                0x00000000        0x0 ff.o
 .text.f_mkfs   0x00000000        0x0 ff.o
 .text.dir_read
                0x00000000        0x0 ff.o
 .text.f_getcwd
                0x00000000        0x0 ff.o
 .text.f_chdir  0x00000000        0x0 ff.o
 .rodata.cst.2433
                0x00000000        0x0 ff.o
 .rodata.vst.2432
                0x00000000        0x0 ff.o
 .text          0x00000000        0x0 main.o
 .bss           0x00000000        0x0 main.o
 .text          0x00000000        0x0 mmc.o
 .data          0x00000000        0x0 mmc.o
 .bss           0x00000000        0x0 mmc.o
 .text          0x00000000        0x0 uart.o
 .data          0x00000000        0x0 uart.o
 .bss           0x00000000        0x0 uart.o
 .text.uart_test
                0x00000000        0x0 uart.o
 .data          0x00000000        0x0 xitoa.o
 .text          0x00000000        0x0 c:/winavr/bin/../lib/gcc/avr/4.3.3/avr5\libgcc.a(_mulsi3.o)
 .data          0x00000000        0x0 c:/winavr/bin/../lib/gcc/avr/4.3.3/avr5\libgcc.a(_mulsi3.o)
 .bss           0x00000000        0x0 c:/winavr/bin/../lib/gcc/avr/4.3.3/avr5\libgcc.a(_mulsi3.o)
 .text          0x00000000        0x0 c:/winavr/bin/../lib/gcc/avr/4.3.3/avr5\libgcc.a(_udivmodhi4.o)
 .data          0x00000000        0x0 c:/winavr/bin/../lib/gcc/avr/4.3.3/avr5\libgcc.a(_udivmodhi4.o)
 .bss           0x00000000        0x0 c:/winavr/bin/../lib/gcc/avr/4.3.3/avr5\libgcc.a(_udivmodhi4.o)
 .text          0x00000000        0x0 c:/winavr/bin/../lib/gcc/avr/4.3.3/avr5\libgcc.a(_udivmodsi4.o)
 .data          0x00000000        0x0 c:/winavr/bin/../lib/gcc/avr/4.3.3/avr5\libgcc.a(_udivmodsi4.o)
 .bss           0x00000000        0x0 c:/winavr/bin/../lib/gcc/avr/4.3.3/avr5\libgcc.a(_udivmodsi4.o)
 .text          0x00000000        0x0 c:/winavr/bin/../lib/gcc/avr/4.3.3/avr5\libgcc.a(_exit.o)
 .data          0x00000000        0x0 c:/winavr/bin/../lib/gcc/avr/4.3.3/avr5\libgcc.a(_exit.o)
 .bss           0x00000000        0x0 c:/winavr/bin/../lib/gcc/avr/4.3.3/avr5\libgcc.a(_exit.o)
 .text.libgcc   0x00000000        0x0 c:/winavr/bin/../lib/gcc/avr/4.3.3/avr5\libgcc.a(_exit.o)
 .text          0x00000000        0x0 c:/winavr/bin/../lib/gcc/avr/4.3.3/avr5\libgcc.a(_copy_data.o)
 .data          0x00000000        0x0 c:/winavr/bin/../lib/gcc/avr/4.3.3/avr5\libgcc.a(_copy_data.o)
 .bss           0x00000000        0x0 c:/winavr/bin/../lib/gcc/avr/4.3.3/avr5\libgcc.a(_copy_data.o)
 .text.libgcc   0x00000000        0x0 c:/winavr/bin/../lib/gcc/avr/4.3.3/avr5\libgcc.a(_copy_data.o)
 .text          0x00000000        0x0 c:/winavr/bin/../lib/gcc/avr/4.3.3/avr5\libgcc.a(_clear_bss.o)
 .data          0x00000000        0x0 c:/winavr/bin/../lib/gcc/avr/4.3.3/avr5\libgcc.a(_clear_bss.o)
 .bss           0x00000000        0x0 c:/winavr/bin/../lib/gcc/avr/4.3.3/avr5\libgcc.a(_clear_bss.o)
 .text.libgcc   0x00000000        0x0 c:/winavr/bin/../lib/gcc/avr/4.3.3/avr5\libgcc.a(_clear_bss.o)

Memory Configuration

Name             Origin             Length             Attributes
text             0x00000000         0x00020000         xr
data             0x00800060         0x0000ffa0         rw !x
eeprom           0x00810000         0x00010000         rw !x
fuse             0x00820000         0x00000400         rw !x
lock             0x00830000         0x00000400         rw !x
signature        0x00840000         0x00000400         rw !x
*default*        0x00000000         0xffffffff

Linker script and memory map

LOAD c:/winavr/bin/../lib/gcc/avr/4.3.3/../../../../avr/lib/avr5/crtm32.o
LOAD ff.o
LOAD main.o
LOAD mmc.o
LOAD uart.o
LOAD xitoa.o
START GROUP
END GROUP
LOAD c:/winavr/bin/../lib/gcc/avr/4.3.3/avr5\libgcc.a
LOAD c:/winavr/bin/../lib/gcc/avr/4.3.3/../../../../avr/lib/avr5\libc.a
LOAD c:/winavr/bin/../lib/gcc/avr/4.3.3/avr5\libgcc.a

.hash
 *(.hash)

.dynsym
 *(.dynsym)

.dynstr
 *(.dynstr)

.gnu.version
 *(.gnu.version)

.gnu.version_d
 *(.gnu.version_d)

.gnu.version_r
 *(.gnu.version_r)

.rel.init
 *(.rel.init)

.rela.init
 *(.rela.init)

.rel.text
 *(.rel.text)
 *(.rel.text.*)
 *(.rel.gnu.linkonce.t*)

.rela.text
 *(.rela.text)
 *(.rela.text.*)
 *(.rela.gnu.linkonce.t*)

.rel.fini
 *(.rel.fini)

.rela.fini
 *(.rela.fini)

.rel.rodata
 *(.rel.rodata)
 *(.rel.rodata.*)
 *(.rel.gnu.linkonce.r*)

.rela.rodata
 *(.rela.rodata)
 *(.rela.rodata.*)
 *(.rela.gnu.linkonce.r*)

.rel.data
 *(.rel.data)
 *(.rel.data.*)
 *(.rel.gnu.linkonce.d*)

.rela.data
 *(.rela.data)
 *(.rela.data.*)
 *(.rela.gnu.linkonce.d*)

.rel.ctors
 *(.rel.ctors)

.rela.ctors
 *(.rela.ctors)

.rel.dtors
 *(.rel.dtors)

.rela.dtors
 *(.rela.dtors)

.rel.got
 *(.rel.got)

.rela.got
 *(.rela.got)

.rel.bss
 *(.rel.bss)

.rela.bss
 *(.rela.bss)

.rel.plt
 *(.rel.plt)

.rela.plt
 *(.rela.plt)

.text           0x00000000     0x3a62
 *(.vectors)
 .vectors       0x00000000       0x54 c:/winavr/bin/../lib/gcc/avr/4.3.3/../../../../avr/lib/avr5/crtm32.o
                0x00000000                __vectors
                0x00000000                __vector_default
 *(.vectors)
 *(.progmem.gcc*)
 *(.progmem*)
 .progmem.data  0x00000054      0x23b main.o
                0x00000290                . = ALIGN (0x2)
 *fill*         0x0000028f        0x1 00
                0x00000290                __trampolines_start = .
 *(.trampolines)
 .trampolines   0x00000290        0x0 linker stubs
 *(.trampolines*)
                0x00000290                __trampolines_end = .
 *(.jumptables)
 *(.jumptables*)
 *(.lowtext)
 *(.lowtext*)
                0x00000290                __ctors_start = .
 *(.ctors)
                0x00000290                __ctors_end = .
                0x00000290                __dtors_start = .
 *(.dtors)
                0x00000290                __dtors_end = .
 SORT(*)(.ctors)
 SORT(*)(.dtors)
 *(.init0)
 .init0         0x00000290        0x0 c:/winavr/bin/../lib/gcc/avr/4.3.3/../../../../avr/lib/avr5/crtm32.o
                0x00000290                __init
 *(.init0)
 *(.init1)
 *(.init1)
 *(.init2)
 .init2         0x00000290        0xc c:/winavr/bin/../lib/gcc/avr/4.3.3/../../../../avr/lib/avr5/crtm32.o
 *(.init2)
 *(.init3)
 *(.init3)
 *(.init4)
 .init4         0x0000029c       0x16 c:/winavr/bin/../lib/gcc/avr/4.3.3/avr5\libgcc.a(_copy_data.o)
                0x0000029c                __do_copy_data
 .init4         0x000002b2       0x10 c:/winavr/bin/../lib/gcc/avr/4.3.3/avr5\libgcc.a(_clear_bss.o)
                0x000002b2                __do_clear_bss
 *(.init4)
 *(.init5)
 *(.init5)
 *(.init6)
 *(.init6)
 *(.init7)
 *(.init7)
 *(.init8)
 *(.init8)
 *(.init9)
 .init9         0x000002c2        0x8 c:/winavr/bin/../lib/gcc/avr/4.3.3/../../../../avr/lib/avr5/crtm32.o
 *(.init9)
 *(.text)
 .text          0x000002ca        0x4 c:/winavr/bin/../lib/gcc/avr/4.3.3/../../../../avr/lib/avr5/crtm32.o
                0x000002ca                __vector_1
                0x000002ca                __vector_12
                0x000002ca                __bad_interrupt
                0x000002ca                __vector_6
                0x000002ca                __vector_3
                0x000002ca                __vector_11
                0x000002ca                __vector_17
                0x000002ca                __vector_19
                0x000002ca                __vector_7
                0x000002ca                __vector_5
                0x000002ca                __vector_9
                0x000002ca                __vector_2
                0x000002ca                __vector_15
                0x000002ca                __vector_8
                0x000002ca                __vector_10
                0x000002ca                __vector_16
                0x000002ca                __vector_18
                0x000002ca                __vector_20
 .text          0x000002ce      0x21c xitoa.o
                0x000002fe                xitoa
                0x00000434                xatoi
                0x00000422                xprintf
                0x000002f0                xputs
                0x000002ce                xputc
                0x000004ea                . = ALIGN (0x2)
 *(.text.*)
 .text.mem_cpy  0x000004ea       0x58 ff.o
 .text.f_mount  0x00000542       0x42 ff.o
                0x00000542                f_mount
 .text.sync_window
                0x00000584       0xc4 ff.o
 .text.validate
                0x00000648       0x3e ff.o
 .text.check_fs
                0x00000686       0x7e ff.o
 .text.chk_mounted
                0x00000704      0x582 ff.o
 .text.move_window
                0x00000c86       0x66 ff.o
 .text.f_sync   0x00000cec      0x164 ff.o
                0x00000cec                f_sync
 .text.f_close  0x00000e50       0x18 ff.o
                0x00000e50                f_close
 .text.put_fat  0x00000e68      0x1ee ff.o
                0x00000e68                put_fat
 .text.get_fat  0x00001056      0x1a6 ff.o
                0x00001056                get_fat
 .text.create_chain
                0x000011fc      0x1c0 ff.o
 .text.f_lseek  0x000013bc      0x3ce ff.o
                0x000013bc                f_lseek
 .text.dir_sdi  0x0000178a      0x1f8 ff.o
 .text.dir_next
                0x00001982      0x2ea ff.o
 .text.f_write  0x00001c6c      0x44e ff.o
                0x00001c6c                f_write
 .text.follow_path
                0x000020ba      0x2d0 ff.o
 .text.f_open   0x0000238a      0x438 ff.o
                0x0000238a                f_open
 .text.f_read   0x000027c2      0x35e ff.o
                0x000027c2                f_read
 .text.get_fattime
                0x00002b20        0xa main.o
                0x00002b20                get_fattime
 .text.get_line
                0x00002b2a       0x64 main.o
 .text.main     0x00002b8e      0x2a4 main.o
                0x00002b8e                main
 .text.__vector_4
                0x00002e32       0x5a main.o
                0x00002e32                __vector_4
 .text.wait_ready
                0x00002e8c       0x32 mmc.o
 .text.select   0x00002ebe       0x32 mmc.o
 .text.rcvr_datablock
                0x00002ef0       0x66 mmc.o
 .text.xmit_datablock
                0x00002f56       0x86 mmc.o
 .text.send_cmd
                0x00002fdc       0xd2 mmc.o
 .text.disk_initialize
                0x000030ae      0x198 mmc.o
                0x000030ae                disk_initialize
 .text.disk_status
                0x00003246        0xe mmc.o
                0x00003246                disk_status
 .text.disk_read
                0x00003254       0xb0 mmc.o
                0x00003254                disk_read
 .text.disk_write
                0x00003304       0xe0 mmc.o
                0x00003304                disk_write
 .text.disk_ioctl
                0x000033e4      0x3f2 mmc.o
                0x000033e4                disk_ioctl
 .text.disk_timerproc
                0x000037d6       0x28 mmc.o
                0x000037d6                disk_timerproc
 .text.uart_init
                0x000037fe       0x4c uart.o
                0x000037fe                uart_init
 .text.uart_getc
                0x0000384a       0x48 uart.o
                0x0000384a                uart_getc
 .text.uart_putc
                0x00003892       0x4e uart.o
                0x00003892                uart_putc
 .text.__vector_13
                0x000038e0       0x62 uart.o
                0x000038e0                __vector_13
 .text.__vector_14
                0x00003942       0x72 uart.o
                0x00003942                __vector_14
 .text.libgcc   0x000039b4       0x3e c:/winavr/bin/../lib/gcc/avr/4.3.3/avr5\libgcc.a(_mulsi3.o)
                0x000039b4                __mulsi3
 .text.libgcc   0x000039f2       0x28 c:/winavr/bin/../lib/gcc/avr/4.3.3/avr5\libgcc.a(_udivmodhi4.o)
                0x000039f2                __udivmodhi4
 .text.libgcc   0x00003a1a       0x44 c:/winavr/bin/../lib/gcc/avr/4.3.3/avr5\libgcc.a(_udivmodsi4.o)
                0x00003a1a                __udivmodsi4
                0x00003a5e                . = ALIGN (0x2)
 *(.fini9)
 .fini9         0x00003a5e        0x0 c:/winavr/bin/../lib/gcc/avr/4.3.3/avr5\libgcc.a(_exit.o)
                0x00003a5e                exit
                0x00003a5e                _exit
 *(.fini9)
 *(.fini8)
 *(.fini8)
 *(.fini7)
 *(.fini7)
 *(.fini6)
 *(.fini6)
 *(.fini5)
 *(.fini5)
 *(.fini4)
 *(.fini4)
 *(.fini3)
 *(.fini3)
 *(.fini2)
 *(.fini2)
 *(.fini1)
 *(.fini1)
 *(.fini0)
 .fini0         0x00003a5e        0x4 c:/winavr/bin/../lib/gcc/avr/4.3.3/avr5\libgcc.a(_exit.o)
 *(.fini0)
                0x00003a62                _etext = .

.data           0x00800060       0x4c load address 0x00003a62
                0x00800060                PROVIDE (__data_start, .)
 *(.data)
 .data          0x00800060       0x43 ff.o
 .data          0x008000a3        0x7 main.o
 *(.data*)
 .data.Stat     0x008000aa        0x1 mmc.o
 *(.rodata)
 *(.rodata*)
 *(.gnu.linkonce.d*)
                0x008000ac                . = ALIGN (0x2)
 *fill*         0x008000ab        0x1 00
                0x008000ac                _edata = .
                0x008000ac                PROVIDE (__data_end, .)

.bss            0x008000ac      0x424
                0x008000ac                PROVIDE (__bss_start, .)
 *(.bss)
 .bss           0x008000ac        0x2 xitoa.o
                0x008000ac                xfunc_out
 *(.bss*)
 .bss.FatFs     0x008000ae        0x4 ff.o
 .bss.Fsid      0x008000b2        0x2 ff.o
 .bss.CurrVol   0x008000b4        0x1 ff.o
 .bss.Timer1    0x008000b5        0x1 mmc.o
 .bss.Timer2    0x008000b6        0x1 mmc.o
 .bss.CardType  0x008000b7        0x1 mmc.o
 .bss.TxFifo    0x008000b8       0x46 uart.o
 .bss.RxFifo    0x008000fe       0x46 uart.o
 *(COMMON)
 COMMON         0x00800144      0x38c main.o
                0x00800144                Fatfs
                0x0080037a                Finfo
                0x00800390                File
                0x008003b0                Timer
                0x008003b2                AccSize
                0x008003b6                Buff
                0x008004b6                Dir
                0x008004cc                AccDirs
                0x008004ce                AccFiles
                0x008004d0                PROVIDE (__bss_end, .)
                0x00003a62                __data_load_start = LOADADDR (.data)
                0x00003aae                __data_load_end = (__data_load_start + SIZEOF (.data))

.noinit         0x008004d0        0x0
                0x008004d0                PROVIDE (__noinit_start, .)
 *(.noinit*)
                0x008004d0                PROVIDE (__noinit_end, .)
                0x008004d0                _end = .
                0x008004d0                PROVIDE (__heap_start, .)

.eeprom         0x00810000        0x0
 *(.eeprom*)
                0x00810000                __eeprom_end = .

.fuse
 *(.fuse)
 *(.lfuse)
 *(.hfuse)
 *(.efuse)

.lock
 *(.lock*)

.signature
 *(.signature*)

.stab
 *(.stab)

.stabstr
 *(.stabstr)

.stab.excl
 *(.stab.excl)

.stab.exclstr
 *(.stab.exclstr)

.stab.index
 *(.stab.index)

.stab.indexstr
 *(.stab.indexstr)

.comment
 *(.comment)

.debug
 *(.debug)

.line
 *(.line)

.debug_srcinfo
 *(.debug_srcinfo)

.debug_sfnames
 *(.debug_sfnames)

.debug_aranges  0x00000000      0x1f0
 *(.debug_aranges)
 .debug_aranges
                0x00000000       0xe0 ff.o
 .debug_aranges
                0x000000e0       0x38 main.o
 .debug_aranges
                0x00000118       0x70 mmc.o
 .debug_aranges
                0x00000188       0x48 uart.o
 .debug_aranges
                0x000001d0       0x20 xitoa.o

.debug_pubnames
                0x00000000      0x232
 *(.debug_pubnames)
 .debug_pubnames
                0x00000000       0xbc ff.o
 .debug_pubnames
                0x000000bc       0x97 main.o
 .debug_pubnames
                0x00000153       0x75 mmc.o
 .debug_pubnames
                0x000001c8       0x6a uart.o

.debug_info     0x00000000     0x3074
 *(.debug_info)
 .debug_info    0x00000000     0x1afb ff.o
 .debug_info    0x00001afb      0x9c5 main.o
 .debug_info    0x000024c0      0x935 mmc.o
 .debug_info    0x00002df5      0x213 uart.o
 .debug_info    0x00003008       0x6c xitoa.o
 *(.gnu.linkonce.wi.*)

.debug_abbrev   0x00000000      0x7aa
 *(.debug_abbrev)
 .debug_abbrev  0x00000000      0x26e ff.o
 .debug_abbrev  0x0000026e      0x1c7 main.o
 .debug_abbrev  0x00000435      0x25a mmc.o
 .debug_abbrev  0x0000068f      0x107 uart.o
 .debug_abbrev  0x00000796       0x14 xitoa.o

.debug_line     0x00000000     0x2bbf
 *(.debug_line)
 .debug_line    0x00000000     0x1ba8 ff.o
 .debug_line    0x00001ba8      0x350 main.o
 .debug_line    0x00001ef8      0x939 mmc.o
 .debug_line    0x00002831      0x241 uart.o
 .debug_line    0x00002a72      0x14d xitoa.o

.debug_frame    0x00000000      0x320
 *(.debug_frame)
 .debug_frame   0x00000000      0x1a0 ff.o
 .debug_frame   0x000001a0       0x50 main.o
 .debug_frame   0x000001f0       0xc0 mmc.o
 .debug_frame   0x000002b0       0x70 uart.o

.debug_str      0x00000000      0x71c
 *(.debug_str)
 .debug_str     0x00000000      0x4e5 ff.o
                                0x556 (size before relaxing)
 .debug_str     0x000004e5       0xb9 main.o
                                0x396 (size before relaxing)
 .debug_str     0x0000059e      0x10d mmc.o
                                0x242 (size before relaxing)
 .debug_str     0x000006ab       0x71 uart.o
                                0x12a (size before relaxing)

.debug_loc      0x00000000     0x3c7a
 *(.debug_loc)
 .debug_loc     0x00000000     0x348d ff.o
 .debug_loc     0x0000348d      0x10a main.o
 .debug_loc     0x00003597      0x63a mmc.o
 .debug_loc     0x00003bd1       0xa9 uart.o

.debug_macinfo
 *(.debug_macinfo)
OUTPUT(SD_fatfs_new.elf elf32-avr)
LOAD linker stubs

.debug_ranges   0x00000000      0x300
 .debug_ranges  0x00000000      0x1f8 ff.o
 .debug_ranges  0x000001f8       0x30 main.o
 .debug_ranges  0x00000228       0x98 mmc.o
 .debug_ranges  0x000002c0       0x40 uart.o
