Archive member included because of file (symbol)

e:/avr-programowanie/c/atmeltoolchain/bin/../lib/gcc/avr/4.7.2/../../../../avr/lib/avr5\libprintf_flt.a(vfprintf_flt.o)
                              (vfprintf)
e:/avr-programowanie/c/atmeltoolchain/bin/../lib/gcc/avr/4.7.2/avr5\libgcc.a(_exit.o)
                              e:/avr-programowanie/c/atmeltoolchain/bin/../lib/gcc/avr/4.7.2/../../../../avr/lib/avr5/crtm32.o (exit)
e:/avr-programowanie/c/atmeltoolchain/bin/../lib/gcc/avr/4.7.2/avr5\libgcc.a(_copy_data.o)
                              ./1wirebb.o (__do_copy_data)
e:/avr-programowanie/c/atmeltoolchain/bin/../lib/gcc/avr/4.7.2/avr5\libgcc.a(_clear_bss.o)
                              ./1wire_basic.o (__do_clear_bss)
e:/avr-programowanie/c/atmeltoolchain/bin/../lib/gcc/avr/4.7.2/avr5\libgcc.a(_prologue.o)
                              e:/avr-programowanie/c/atmeltoolchain/bin/../lib/gcc/avr/4.7.2/../../../../avr/lib/avr5\libprintf_flt.a(vfprintf_flt.o) (__prologue_saves__)
e:/avr-programowanie/c/atmeltoolchain/bin/../lib/gcc/avr/4.7.2/avr5\libgcc.a(_epilogue.o)
                              e:/avr-programowanie/c/atmeltoolchain/bin/../lib/gcc/avr/4.7.2/../../../../avr/lib/avr5\libprintf_flt.a(vfprintf_flt.o) (__epilogue_restores__)
e:/avr-programowanie/c/atmeltoolchain/bin/../lib/gcc/avr/4.7.2/../../../../avr/lib/avr5\libc.a(ftoa_engine.o)
                              e:/avr-programowanie/c/atmeltoolchain/bin/../lib/gcc/avr/4.7.2/../../../../avr/lib/avr5\libprintf_flt.a(vfprintf_flt.o) (__ftoa_engine)
e:/avr-programowanie/c/atmeltoolchain/bin/../lib/gcc/avr/4.7.2/../../../../avr/lib/avr5\libc.a(strnlen_P.o)
                              e:/avr-programowanie/c/atmeltoolchain/bin/../lib/gcc/avr/4.7.2/../../../../avr/lib/avr5\libprintf_flt.a(vfprintf_flt.o) (strnlen_P)
e:/avr-programowanie/c/atmeltoolchain/bin/../lib/gcc/avr/4.7.2/../../../../avr/lib/avr5\libc.a(strnlen.o)
                              e:/avr-programowanie/c/atmeltoolchain/bin/../lib/gcc/avr/4.7.2/../../../../avr/lib/avr5\libprintf_flt.a(vfprintf_flt.o) (strnlen)
e:/avr-programowanie/c/atmeltoolchain/bin/../lib/gcc/avr/4.7.2/../../../../avr/lib/avr5\libc.a(fputc.o)
                              e:/avr-programowanie/c/atmeltoolchain/bin/../lib/gcc/avr/4.7.2/../../../../avr/lib/avr5\libprintf_flt.a(vfprintf_flt.o) (fputc)
e:/avr-programowanie/c/atmeltoolchain/bin/../lib/gcc/avr/4.7.2/../../../../avr/lib/avr5\libc.a(sprintf.o)
                              ./1wirebb.o (sprintf)
e:/avr-programowanie/c/atmeltoolchain/bin/../lib/gcc/avr/4.7.2/../../../../avr/lib/avr5\libc.a(ultoa_invert.o)
                              e:/avr-programowanie/c/atmeltoolchain/bin/../lib/gcc/avr/4.7.2/../../../../avr/lib/avr5\libprintf_flt.a(vfprintf_flt.o) (__ultoa_invert)

Allocating common symbols
Common symbol       size              file

GLCD_y              0x1               ./KS0108lib.o
GLCD_x              0x1               ./KS0108lib.o
Error               0x1               ./1wire_basic.o

Memory Configuration

Name             Origin             Length             Attributes
text             0x00000000         0x00020000         xr
data             0x00800060         0x0000ffa0         rw !x
eeprom           0x00810000         0x00010000         rw !x
fuse             0x00820000         0x00000400         rw !x
lock             0x00830000         0x00000400         rw !x
signature        0x00840000         0x00000400         rw !x
user_signatures  0x00850000         0x00000400         rw !x
*default*        0x00000000         0xffffffff

Linker script and memory map

LOAD e:/avr-programowanie/c/atmeltoolchain/bin/../lib/gcc/avr/4.7.2/../../../../avr/lib/avr5/crtm32.o
LOAD ./1wire.o
LOAD ./1wire_basic.o
LOAD ./1wirebb.o
LOAD ./DS18B20.o
LOAD ./KS0108lib.o
LOAD ./graphics.o
LOAD e:/avr-programowanie/c/atmeltoolchain/bin/../lib/gcc/avr/4.7.2/../../../../avr/lib/avr5\libm.a
LOAD e:/avr-programowanie/c/atmeltoolchain/bin/../lib/gcc/avr/4.7.2/../../../../avr/lib/avr5\libprintf_flt.a
LOAD e:/avr-programowanie/c/atmeltoolchain/bin/../lib/gcc/avr/4.7.2/avr5\libgcc.a
LOAD e:/avr-programowanie/c/atmeltoolchain/bin/../lib/gcc/avr/4.7.2/../../../../avr/lib/avr5\libc.a
LOAD e:/avr-programowanie/c/atmeltoolchain/bin/../lib/gcc/avr/4.7.2/avr5\libgcc.a

.hash
 *(.hash)

.dynsym
 *(.dynsym)

.dynstr
 *(.dynstr)

.gnu.version
 *(.gnu.version)

.gnu.version_d
 *(.gnu.version_d)

.gnu.version_r
 *(.gnu.version_r)

.rel.init
 *(.rel.init)

.rela.init
 *(.rela.init)

.rel.text
 *(.rel.text)
 *(.rel.text.*)
 *(.rel.gnu.linkonce.t*)

.rela.text
 *(.rela.text)
 *(.rela.text.*)
 *(.rela.gnu.linkonce.t*)

.rel.fini
 *(.rel.fini)

.rela.fini
 *(.rela.fini)

.rel.rodata
 *(.rel.rodata)
 *(.rel.rodata.*)
 *(.rel.gnu.linkonce.r*)

.rela.rodata
 *(.rela.rodata)
 *(.rela.rodata.*)
 *(.rela.gnu.linkonce.r*)

.rel.data
 *(.rel.data)
 *(.rel.data.*)
 *(.rel.gnu.linkonce.d*)

.rela.data
 *(.rela.data)
 *(.rela.data.*)
 *(.rela.gnu.linkonce.d*)

.rel.ctors
 *(.rel.ctors)

.rela.ctors
 *(.rela.ctors)

.rel.dtors
 *(.rel.dtors)

.rela.dtors
 *(.rela.dtors)

.rel.got
 *(.rel.got)

.rela.got
 *(.rela.got)

.rel.bss
 *(.rel.bss)

.rela.bss
 *(.rela.bss)

.rel.plt
 *(.rel.plt)

.rela.plt
 *(.rela.plt)

.text           0x00000000     0x167c
 *(.vectors)
 .vectors       0x00000000       0x54 e:/avr-programowanie/c/atmeltoolchain/bin/../lib/gcc/avr/4.7.2/../../../../avr/lib/avr5/crtm32.o
                0x00000000                __vector_default
                0x00000000                __vectors
 *(.vectors)
 *(.progmem.gcc*)
 *(.progmem*)
 .progmem.data.font5x8
                0x00000054      0x1e0 ./KS0108lib.o
                0x00000054                font5x8
 .progmem.data  0x00000234        0x8 e:/avr-programowanie/c/atmeltoolchain/bin/../lib/gcc/avr/4.7.2/../../../../avr/lib/avr5\libprintf_flt.a(vfprintf_flt.o)
 .progmem.data  0x0000023c       0xfa e:/avr-programowanie/c/atmeltoolchain/bin/../lib/gcc/avr/4.7.2/../../../../avr/lib/avr5\libc.a(ftoa_engine.o)
                0x00000336                . = ALIGN (0x2)
                0x00000336                __trampolines_start = .
 *(.trampolines)
 .trampolines   0x00000336        0x0 linker stubs
 *(.trampolines*)
                0x00000336                __trampolines_end = .
 *(.jumptables)
 *(.jumptables*)
 *(.lowtext)
 *(.lowtext*)
                0x00000336                __ctors_start = .
 *(.ctors)
                0x00000336                __ctors_end = .
                0x00000336                __dtors_start = .
 *(.dtors)
                0x00000336                __dtors_end = .
 SORT(*)(.ctors)
 SORT(*)(.dtors)
 *(.init0)
 .init0         0x00000336        0x0 e:/avr-programowanie/c/atmeltoolchain/bin/../lib/gcc/avr/4.7.2/../../../../avr/lib/avr5/crtm32.o
                0x00000336                __init
 *(.init0)
 *(.init1)
 *(.init1)
 *(.init2)
 .init2         0x00000336        0xc e:/avr-programowanie/c/atmeltoolchain/bin/../lib/gcc/avr/4.7.2/../../../../avr/lib/avr5/crtm32.o
 *(.init2)
 *(.init3)
 *(.init3)
 *(.init4)
 .init4         0x00000342       0x16 e:/avr-programowanie/c/atmeltoolchain/bin/../lib/gcc/avr/4.7.2/avr5\libgcc.a(_copy_data.o)
                0x00000342                __do_copy_data
 .init4         0x00000358       0x10 e:/avr-programowanie/c/atmeltoolchain/bin/../lib/gcc/avr/4.7.2/avr5\libgcc.a(_clear_bss.o)
                0x00000358                __do_clear_bss
 *(.init4)
 *(.init5)
 *(.init5)
 *(.init6)
 *(.init6)
 *(.init7)
 *(.init7)
 *(.init8)
 *(.init8)
 *(.init9)
 .init9         0x00000368        0x8 e:/avr-programowanie/c/atmeltoolchain/bin/../lib/gcc/avr/4.7.2/../../../../avr/lib/avr5/crtm32.o
 *(.init9)
 *(.text)
 .text          0x00000370        0x4 e:/avr-programowanie/c/atmeltoolchain/bin/../lib/gcc/avr/4.7.2/../../../../avr/lib/avr5/crtm32.o
                0x00000370                __vector_1
                0x00000370                __vector_12
                0x00000370                __bad_interrupt
                0x00000370                __vector_6
                0x00000370                __vector_3
                0x00000370                __vector_11
                0x00000370                __vector_13
                0x00000370                __vector_17
                0x00000370                __vector_19
                0x00000370                __vector_7
                0x00000370                __vector_5
                0x00000370                __vector_4
                0x00000370                __vector_9
                0x00000370                __vector_2
                0x00000370                __vector_15
                0x00000370                __vector_8
                0x00000370                __vector_14
                0x00000370                __vector_10
                0x00000370                __vector_16
                0x00000370                __vector_18
                0x00000370                __vector_20
 .text          0x00000374        0x0 ./1wire.o
 .text          0x00000374        0x0 ./1wire_basic.o
 .text          0x00000374        0x0 ./1wirebb.o
 .text          0x00000374        0x0 ./DS18B20.o
 .text          0x00000374        0x0 ./KS0108lib.o
 .text          0x00000374        0x0 ./graphics.o
 .text          0x00000374        0x0 e:/avr-programowanie/c/atmeltoolchain/bin/../lib/gcc/avr/4.7.2/../../../../avr/lib/avr5\libprintf_flt.a(vfprintf_flt.o)
 .text          0x00000374        0x0 e:/avr-programowanie/c/atmeltoolchain/bin/../lib/gcc/avr/4.7.2/avr5\libgcc.a(_exit.o)
 .text          0x00000374        0x0 e:/avr-programowanie/c/atmeltoolchain/bin/../lib/gcc/avr/4.7.2/avr5\libgcc.a(_copy_data.o)
 .text          0x00000374        0x0 e:/avr-programowanie/c/atmeltoolchain/bin/../lib/gcc/avr/4.7.2/avr5\libgcc.a(_clear_bss.o)
 .text          0x00000374        0x0 e:/avr-programowanie/c/atmeltoolchain/bin/../lib/gcc/avr/4.7.2/avr5\libgcc.a(_prologue.o)
 .text          0x00000374        0x0 e:/avr-programowanie/c/atmeltoolchain/bin/../lib/gcc/avr/4.7.2/avr5\libgcc.a(_epilogue.o)
 .text          0x00000374        0x0 e:/avr-programowanie/c/atmeltoolchain/bin/../lib/gcc/avr/4.7.2/../../../../avr/lib/avr5\libc.a(ftoa_engine.o)
 .text          0x00000374        0x0 e:/avr-programowanie/c/atmeltoolchain/bin/../lib/gcc/avr/4.7.2/../../../../avr/lib/avr5\libc.a(strnlen_P.o)
 .text          0x00000374        0x0 e:/avr-programowanie/c/atmeltoolchain/bin/../lib/gcc/avr/4.7.2/../../../../avr/lib/avr5\libc.a(strnlen.o)
 .text          0x00000374        0x0 e:/avr-programowanie/c/atmeltoolchain/bin/../lib/gcc/avr/4.7.2/../../../../avr/lib/avr5\libc.a(fputc.o)
 .text          0x00000374        0x0 e:/avr-programowanie/c/atmeltoolchain/bin/../lib/gcc/avr/4.7.2/../../../../avr/lib/avr5\libc.a(sprintf.o)
 .text          0x00000374        0x0 e:/avr-programowanie/c/atmeltoolchain/bin/../lib/gcc/avr/4.7.2/../../../../avr/lib/avr5\libc.a(ultoa_invert.o)
                0x00000374                . = ALIGN (0x2)
 *(.text.*)
 .text.OW_Write
                0x00000374       0x28 ./1wire.o
                0x00000374                OW_Write
 .text.OW_Read  0x0000039c       0x2a ./1wire.o
                0x0000039c                OW_Read
 .text.OW_SelectDevice
                0x000003c6       0x54 ./1wire.o
                0x000003c6                OW_SelectDevice
 .text.OWI_Search
                0x0000041a       0xcc ./1wire.o
                0x0000041a                OWI_Search
 .text.OW_SendBit
                0x000004e6       0x22 ./1wire_basic.o
                0x000004e6                OW_SendBit
 .text.OW_ReadBit
                0x00000508       0x42 ./1wire_basic.o
                0x00000508                OW_ReadBit
 .text.OW_ResetPulse
                0x0000054a       0x12 ./1wire_basic.o
                0x0000054a                OW_ResetPulse
 .text.OW_WaitForPresencePulse
                0x0000055c       0x58 ./1wire_basic.o
                0x0000055c                OW_WaitForPresencePulse
 .text.OW_init  0x000005b4        0x6 ./1wire_basic.o
                0x000005b4                OW_init
 .text.startup.main
                0x000005ba      0x184 ./1wirebb.o
                0x000005ba                main
 .text.OW_Start_Conversion
                0x0000073e       0x28 ./DS18B20.o
                0x0000073e                OW_Start_Conversion
 .text.OW_GetTemperature
                0x00000766       0x40 ./DS18B20.o
                0x00000766                OW_GetTemperature
 .text.GLCD_EnableController
                0x000007a6       0x10 ./KS0108lib.o
                0x000007a6                GLCD_EnableController
 .text.GLCD_ReadStatus
                0x000007b6       0x14 ./KS0108lib.o
                0x000007b6                GLCD_ReadStatus
 .text.GLCD_WaitUntillBusy
                0x000007ca       0x12 ./KS0108lib.o
 .text.GLCD_WriteCommand
                0x000007dc       0x38 ./KS0108lib.o
                0x000007dc                GLCD_WriteCommand
 .text.GLCD_ReadData
                0x00000814       0x36 ./KS0108lib.o
                0x00000814                GLCD_ReadData
 .text.GLCD_WriteData
                0x0000084a       0x3e ./KS0108lib.o
                0x0000084a                GLCD_WriteData
 .text.GLCD_init
                0x00000888       0x2e ./KS0108lib.o
                0x00000888                GLCD_init
 .text.GLCD_goto
                0x000008b6       0x58 ./KS0108lib.o
                0x000008b6                GLCD_goto
 .text.GLCD_cls
                0x0000090e       0x42 ./KS0108lib.o
                0x0000090e                GLCD_cls
 .text.GLCD_putchar
                0x00000950       0x4e ./KS0108lib.o
                0x00000950                GLCD_putchar
 .text.GLCD_SetPixel
                0x0000099e       0x5c ./KS0108lib.o
                0x0000099e                GLCD_SetPixel
 .text.GLCD_puttext
                0x000009fa       0x2e ./graphics.o
                0x000009fa                GLCD_puttext
 .text.GLCD_Circle
                0x00000a28       0xc4 ./graphics.o
                0x00000a28                GLCD_Circle
 .text.GLCD_Line
                0x00000aec       0xe6 ./graphics.o
                0x00000aec                GLCD_Line
 .text.avr-libc
                0x00000bd2      0x704 e:/avr-programowanie/c/atmeltoolchain/bin/../lib/gcc/avr/4.7.2/../../../../avr/lib/avr5\libprintf_flt.a(vfprintf_flt.o)
                0x00000bd2                vfprintf
 .text.libgcc.mul
                0x000012d6        0x0 e:/avr-programowanie/c/atmeltoolchain/bin/../lib/gcc/avr/4.7.2/avr5\libgcc.a(_exit.o)
 .text.libgcc.div
                0x000012d6        0x0 e:/avr-programowanie/c/atmeltoolchain/bin/../lib/gcc/avr/4.7.2/avr5\libgcc.a(_exit.o)
 .text.libgcc   0x000012d6        0x0 e:/avr-programowanie/c/atmeltoolchain/bin/../lib/gcc/avr/4.7.2/avr5\libgcc.a(_exit.o)
 .text.libgcc.prologue
                0x000012d6        0x0 e:/avr-programowanie/c/atmeltoolchain/bin/../lib/gcc/avr/4.7.2/avr5\libgcc.a(_exit.o)
 .text.libgcc.builtins
                0x000012d6        0x0 e:/avr-programowanie/c/atmeltoolchain/bin/../lib/gcc/avr/4.7.2/avr5\libgcc.a(_exit.o)
 .text.libgcc.fmul
                0x000012d6        0x0 e:/avr-programowanie/c/atmeltoolchain/bin/../lib/gcc/avr/4.7.2/avr5\libgcc.a(_exit.o)
 .text.libgcc.mul
                0x000012d6        0x0 e:/avr-programowanie/c/atmeltoolchain/bin/../lib/gcc/avr/4.7.2/avr5\libgcc.a(_copy_data.o)
 .text.libgcc.div
                0x000012d6        0x0 e:/avr-programowanie/c/atmeltoolchain/bin/../lib/gcc/avr/4.7.2/avr5\libgcc.a(_copy_data.o)
 .text.libgcc   0x000012d6        0x0 e:/avr-programowanie/c/atmeltoolchain/bin/../lib/gcc/avr/4.7.2/avr5\libgcc.a(_copy_data.o)
 .text.libgcc.prologue
                0x000012d6        0x0 e:/avr-programowanie/c/atmeltoolchain/bin/../lib/gcc/avr/4.7.2/avr5\libgcc.a(_copy_data.o)
 .text.libgcc.builtins
                0x000012d6        0x0 e:/avr-programowanie/c/atmeltoolchain/bin/../lib/gcc/avr/4.7.2/avr5\libgcc.a(_copy_data.o)
 .text.libgcc.fmul
                0x000012d6        0x0 e:/avr-programowanie/c/atmeltoolchain/bin/../lib/gcc/avr/4.7.2/avr5\libgcc.a(_copy_data.o)
 .text.libgcc.mul
                0x000012d6        0x0 e:/avr-programowanie/c/atmeltoolchain/bin/../lib/gcc/avr/4.7.2/avr5\libgcc.a(_clear_bss.o)
 .text.libgcc.div
                0x000012d6        0x0 e:/avr-programowanie/c/atmeltoolchain/bin/../lib/gcc/avr/4.7.2/avr5\libgcc.a(_clear_bss.o)
 .text.libgcc   0x000012d6        0x0 e:/avr-programowanie/c/atmeltoolchain/bin/../lib/gcc/avr/4.7.2/avr5\libgcc.a(_clear_bss.o)
 .text.libgcc.prologue
                0x000012d6        0x0 e:/avr-programowanie/c/atmeltoolchain/bin/../lib/gcc/avr/4.7.2/avr5\libgcc.a(_clear_bss.o)
 .text.libgcc.builtins
                0x000012d6        0x0 e:/avr-programowanie/c/atmeltoolchain/bin/../lib/gcc/avr/4.7.2/avr5\libgcc.a(_clear_bss.o)
 .text.libgcc.fmul
                0x000012d6        0x0 e:/avr-programowanie/c/atmeltoolchain/bin/../lib/gcc/avr/4.7.2/avr5\libgcc.a(_clear_bss.o)
 .text.libgcc.mul
                0x000012d6        0x0 e:/avr-programowanie/c/atmeltoolchain/bin/../lib/gcc/avr/4.7.2/avr5\libgcc.a(_prologue.o)
 .text.libgcc.div
                0x000012d6        0x0 e:/avr-programowanie/c/atmeltoolchain/bin/../lib/gcc/avr/4.7.2/avr5\libgcc.a(_prologue.o)
 .text.libgcc   0x000012d6        0x0 e:/avr-programowanie/c/atmeltoolchain/bin/../lib/gcc/avr/4.7.2/avr5\libgcc.a(_prologue.o)
 .text.libgcc.prologue
                0x000012d6       0x38 e:/avr-programowanie/c/atmeltoolchain/bin/../lib/gcc/avr/4.7.2/avr5\libgcc.a(_prologue.o)
                0x000012d6                __prologue_saves__
 .text.libgcc.builtins
                0x0000130e        0x0 e:/avr-programowanie/c/atmeltoolchain/bin/../lib/gcc/avr/4.7.2/avr5\libgcc.a(_prologue.o)
 .text.libgcc.fmul
                0x0000130e        0x0 e:/avr-programowanie/c/atmeltoolchain/bin/../lib/gcc/avr/4.7.2/avr5\libgcc.a(_prologue.o)
 .text.libgcc.mul
                0x0000130e        0x0 e:/avr-programowanie/c/atmeltoolchain/bin/../lib/gcc/avr/4.7.2/avr5\libgcc.a(_epilogue.o)
 .text.libgcc.div
                0x0000130e        0x0 e:/avr-programowanie/c/atmeltoolchain/bin/../lib/gcc/avr/4.7.2/avr5\libgcc.a(_epilogue.o)
 .text.libgcc   0x0000130e        0x0 e:/avr-programowanie/c/atmeltoolchain/bin/../lib/gcc/avr/4.7.2/avr5\libgcc.a(_epilogue.o)
 .text.libgcc.prologue
                0x0000130e       0x36 e:/avr-programowanie/c/atmeltoolchain/bin/../lib/gcc/avr/4.7.2/avr5\libgcc.a(_epilogue.o)
                0x0000130e                __epilogue_restores__
 .text.libgcc.builtins
                0x00001344        0x0 e:/avr-programowanie/c/atmeltoolchain/bin/../lib/gcc/avr/4.7.2/avr5\libgcc.a(_epilogue.o)
 .text.libgcc.fmul
                0x00001344        0x0 e:/avr-programowanie/c/atmeltoolchain/bin/../lib/gcc/avr/4.7.2/avr5\libgcc.a(_epilogue.o)
 .text.avr-libc
                0x00001344      0x1b0 e:/avr-programowanie/c/atmeltoolchain/bin/../lib/gcc/avr/4.7.2/../../../../avr/lib/avr5\libc.a(ftoa_engine.o)
                0x00001344                __ftoa_engine
 .text.avr-libc
                0x000014f4       0x16 e:/avr-programowanie/c/atmeltoolchain/bin/../lib/gcc/avr/4.7.2/../../../../avr/lib/avr5\libc.a(strnlen_P.o)
                0x000014f4                strnlen_P
 .text.avr-libc
                0x0000150a       0x16 e:/avr-programowanie/c/atmeltoolchain/bin/../lib/gcc/avr/4.7.2/../../../../avr/lib/avr5\libc.a(strnlen.o)
                0x0000150a                strnlen
 .text.avr-libc
                0x00001520       0x58 e:/avr-programowanie/c/atmeltoolchain/bin/../lib/gcc/avr/4.7.2/../../../../avr/lib/avr5\libc.a(fputc.o)
                0x00001520                fputc
 .text.avr-libc
                0x00001578       0x44 e:/avr-programowanie/c/atmeltoolchain/bin/../lib/gcc/avr/4.7.2/../../../../avr/lib/avr5\libc.a(sprintf.o)
                0x00001578                sprintf
 .text.avr-libc
                0x000015bc       0xbc e:/avr-programowanie/c/atmeltoolchain/bin/../lib/gcc/avr/4.7.2/../../../../avr/lib/avr5\libc.a(ultoa_invert.o)
                0x000015bc                __ultoa_invert
                0x00001678                . = ALIGN (0x2)
 *(.fini9)
 .fini9         0x00001678        0x0 e:/avr-programowanie/c/atmeltoolchain/bin/../lib/gcc/avr/4.7.2/avr5\libgcc.a(_exit.o)
                0x00001678                _exit
                0x00001678                exit
 *(.fini9)
 *(.fini8)
 *(.fini8)
 *(.fini7)
 *(.fini7)
 *(.fini6)
 *(.fini6)
 *(.fini5)
 *(.fini5)
 *(.fini4)
 *(.fini4)
 *(.fini3)
 *(.fini3)
 *(.fini2)
 *(.fini2)
 *(.fini1)
 *(.fini1)
 *(.fini0)
 .fini0         0x00001678        0x4 e:/avr-programowanie/c/atmeltoolchain/bin/../lib/gcc/avr/4.7.2/avr5\libgcc.a(_exit.o)
 *(.fini0)
                0x0000167c                _etext = .

.data           0x00800060       0x10 load address 0x0000167c
                0x00800060                PROVIDE (__data_start, .)
 *(.data)
 .data          0x00800060        0x0 e:/avr-programowanie/c/atmeltoolchain/bin/../lib/gcc/avr/4.7.2/../../../../avr/lib/avr5/crtm32.o
 .data          0x00800060        0x0 ./1wire.o
 .data          0x00800060        0x0 ./1wire_basic.o
 .data          0x00800060        0x0 ./1wirebb.o
 .data          0x00800060        0x0 ./DS18B20.o
 .data          0x00800060        0x0 ./KS0108lib.o
 .data          0x00800060        0x0 ./graphics.o
 .data          0x00800060        0x0 e:/avr-programowanie/c/atmeltoolchain/bin/../lib/gcc/avr/4.7.2/../../../../avr/lib/avr5\libprintf_flt.a(vfprintf_flt.o)
 .data          0x00800060        0x0 e:/avr-programowanie/c/atmeltoolchain/bin/../lib/gcc/avr/4.7.2/avr5\libgcc.a(_exit.o)
 .data          0x00800060        0x0 e:/avr-programowanie/c/atmeltoolchain/bin/../lib/gcc/avr/4.7.2/avr5\libgcc.a(_copy_data.o)
 .data          0x00800060        0x0 e:/avr-programowanie/c/atmeltoolchain/bin/../lib/gcc/avr/4.7.2/avr5\libgcc.a(_clear_bss.o)
 .data          0x00800060        0x0 e:/avr-programowanie/c/atmeltoolchain/bin/../lib/gcc/avr/4.7.2/avr5\libgcc.a(_prologue.o)
 .data          0x00800060        0x0 e:/avr-programowanie/c/atmeltoolchain/bin/../lib/gcc/avr/4.7.2/avr5\libgcc.a(_epilogue.o)
 .data          0x00800060        0x0 e:/avr-programowanie/c/atmeltoolchain/bin/../lib/gcc/avr/4.7.2/../../../../avr/lib/avr5\libc.a(ftoa_engine.o)
 .data          0x00800060        0x0 e:/avr-programowanie/c/atmeltoolchain/bin/../lib/gcc/avr/4.7.2/../../../../avr/lib/avr5\libc.a(strnlen_P.o)
 .data          0x00800060        0x0 e:/avr-programowanie/c/atmeltoolchain/bin/../lib/gcc/avr/4.7.2/../../../../avr/lib/avr5\libc.a(strnlen.o)
 .data          0x00800060        0x0 e:/avr-programowanie/c/atmeltoolchain/bin/../lib/gcc/avr/4.7.2/../../../../avr/lib/avr5\libc.a(fputc.o)
 .data          0x00800060        0x0 e:/avr-programowanie/c/atmeltoolchain/bin/../lib/gcc/avr/4.7.2/../../../../avr/lib/avr5\libc.a(sprintf.o)
 .data          0x00800060        0x0 e:/avr-programowanie/c/atmeltoolchain/bin/../lib/gcc/avr/4.7.2/../../../../avr/lib/avr5\libc.a(ultoa_invert.o)
 *(.data*)
 .data.color    0x00800060        0x1 ./KS0108lib.o
                0x00800060                color
 *(.rodata)
 *(.rodata*)
 .rodata.str1.1
                0x00800061        0xf ./1wirebb.o
 *(.gnu.linkonce.d*)
                0x00800070                . = ALIGN (0x2)
                0x00800070                _edata = .
                0x00800070                PROVIDE (__data_end, .)

.bss            0x00800070        0x3
                0x00800070                PROVIDE (__bss_start, .)
 *(.bss)
 .bss           0x00800070        0x0 e:/avr-programowanie/c/atmeltoolchain/bin/../lib/gcc/avr/4.7.2/../../../../avr/lib/avr5/crtm32.o
 .bss           0x00800070        0x0 ./1wire.o
 .bss           0x00800070        0x0 ./1wire_basic.o
 .bss           0x00800070        0x0 ./1wirebb.o
 .bss           0x00800070        0x0 ./DS18B20.o
 .bss           0x00800070        0x0 ./KS0108lib.o
 .bss           0x00800070        0x0 ./graphics.o
 .bss           0x00800070        0x0 e:/avr-programowanie/c/atmeltoolchain/bin/../lib/gcc/avr/4.7.2/../../../../avr/lib/avr5\libprintf_flt.a(vfprintf_flt.o)
 .bss           0x00800070        0x0 e:/avr-programowanie/c/atmeltoolchain/bin/../lib/gcc/avr/4.7.2/avr5\libgcc.a(_exit.o)
 .bss           0x00800070        0x0 e:/avr-programowanie/c/atmeltoolchain/bin/../lib/gcc/avr/4.7.2/avr5\libgcc.a(_copy_data.o)
 .bss           0x00800070        0x0 e:/avr-programowanie/c/atmeltoolchain/bin/../lib/gcc/avr/4.7.2/avr5\libgcc.a(_clear_bss.o)
 .bss           0x00800070        0x0 e:/avr-programowanie/c/atmeltoolchain/bin/../lib/gcc/avr/4.7.2/avr5\libgcc.a(_prologue.o)
 .bss           0x00800070        0x0 e:/avr-programowanie/c/atmeltoolchain/bin/../lib/gcc/avr/4.7.2/avr5\libgcc.a(_epilogue.o)
 .bss           0x00800070        0x0 e:/avr-programowanie/c/atmeltoolchain/bin/../lib/gcc/avr/4.7.2/../../../../avr/lib/avr5\libc.a(ftoa_engine.o)
 .bss           0x00800070        0x0 e:/avr-programowanie/c/atmeltoolchain/bin/../lib/gcc/avr/4.7.2/../../../../avr/lib/avr5\libc.a(strnlen_P.o)
 .bss           0x00800070        0x0 e:/avr-programowanie/c/atmeltoolchain/bin/../lib/gcc/avr/4.7.2/../../../../avr/lib/avr5\libc.a(strnlen.o)
 .bss           0x00800070        0x0 e:/avr-programowanie/c/atmeltoolchain/bin/../lib/gcc/avr/4.7.2/../../../../avr/lib/avr5\libc.a(fputc.o)
 .bss           0x00800070        0x0 e:/avr-programowanie/c/atmeltoolchain/bin/../lib/gcc/avr/4.7.2/../../../../avr/lib/avr5\libc.a(sprintf.o)
 .bss           0x00800070        0x0 e:/avr-programowanie/c/atmeltoolchain/bin/../lib/gcc/avr/4.7.2/../../../../avr/lib/avr5\libc.a(ultoa_invert.o)
 *(.bss*)
 *(COMMON)
 COMMON         0x00800070        0x1 ./1wire_basic.o
                0x00800070                Error
 COMMON         0x00800071        0x2 ./KS0108lib.o
                0x00800071                GLCD_y
                0x00800072                GLCD_x
                0x00800073                PROVIDE (__bss_end, .)
                0x0000167c                __data_load_start = LOADADDR (.data)
                0x0000168c                __data_load_end = (__data_load_start + SIZEOF (.data))

.noinit         0x00800073        0x0
                0x00800073                PROVIDE (__noinit_start, .)
 *(.noinit*)
                0x00800073                PROVIDE (__noinit_end, .)
                0x00800073                _end = .
                0x00800073                PROVIDE (__heap_start, .)

.eeprom         0x00810000        0x0
 *(.eeprom*)
                0x00810000                __eeprom_end = .

.fuse
 *(.fuse)
 *(.lfuse)
 *(.hfuse)
 *(.efuse)

.lock
 *(.lock*)

.signature
 *(.signature*)

.user_signatures
 *(.user_signatures*)

.stab           0x00000000     0x16bc
 *(.stab)
 .stab          0x00000000      0x6cc e:/avr-programowanie/c/atmeltoolchain/bin/../lib/gcc/avr/4.7.2/../../../../avr/lib/avr5/crtm32.o
 .stab          0x000006cc      0xa38 e:/avr-programowanie/c/atmeltoolchain/bin/../lib/gcc/avr/4.7.2/../../../../avr/lib/avr5\libc.a(ftoa_engine.o)
                                0xa44 (size before relaxing)
 .stab          0x00001104       0x9c e:/avr-programowanie/c/atmeltoolchain/bin/../lib/gcc/avr/4.7.2/../../../../avr/lib/avr5\libc.a(strnlen_P.o)
                                 0xa8 (size before relaxing)
 .stab          0x000011a0       0x9c e:/avr-programowanie/c/atmeltoolchain/bin/../lib/gcc/avr/4.7.2/../../../../avr/lib/avr5\libc.a(strnlen.o)
                                 0xa8 (size before relaxing)
 .stab          0x0000123c      0x480 e:/avr-programowanie/c/atmeltoolchain/bin/../lib/gcc/avr/4.7.2/../../../../avr/lib/avr5\libc.a(ultoa_invert.o)
                                0x48c (size before relaxing)

.stabstr        0x00000000      0x277
 *(.stabstr)
 .stabstr       0x00000000      0x277 e:/avr-programowanie/c/atmeltoolchain/bin/../lib/gcc/avr/4.7.2/../../../../avr/lib/avr5/crtm32.o

.stab.excl
 *(.stab.excl)

.stab.exclstr
 *(.stab.exclstr)

.stab.index
 *(.stab.index)

.stab.indexstr
 *(.stab.indexstr)

.comment        0x00000000       0x2f
 *(.comment)
 .comment       0x00000000       0x2f ./1wire.o
                                 0x30 (size before relaxing)
 .comment       0x00000000       0x30 ./1wire_basic.o
 .comment       0x00000000       0x30 ./1wirebb.o
 .comment       0x00000000       0x30 ./DS18B20.o
 .comment       0x00000000       0x30 ./KS0108lib.o
 .comment       0x00000000       0x30 ./graphics.o
 .comment       0x00000000       0x30 e:/avr-programowanie/c/atmeltoolchain/bin/../lib/gcc/avr/4.7.2/../../../../avr/lib/avr5\libprintf_flt.a(vfprintf_flt.o)
 .comment       0x00000000       0x30 e:/avr-programowanie/c/atmeltoolchain/bin/../lib/gcc/avr/4.7.2/../../../../avr/lib/avr5\libc.a(fputc.o)
 .comment       0x00000000       0x30 e:/avr-programowanie/c/atmeltoolchain/bin/../lib/gcc/avr/4.7.2/../../../../avr/lib/avr5\libc.a(sprintf.o)

.debug
 *(.debug)

.line
 *(.line)

.debug_srcinfo
 *(.debug_srcinfo)

.debug_sfnames
 *(.debug_sfnames)

.debug_aranges  0x00000000       0x60
 *(.debug_aranges)
 .debug_aranges
                0x00000000       0x20 e:/avr-programowanie/c/atmeltoolchain/bin/../lib/gcc/avr/4.7.2/../../../../avr/lib/avr5\libprintf_flt.a(vfprintf_flt.o)
 .debug_aranges
                0x00000020       0x20 e:/avr-programowanie/c/atmeltoolchain/bin/../lib/gcc/avr/4.7.2/../../../../avr/lib/avr5\libc.a(fputc.o)
 .debug_aranges
                0x00000040       0x20 e:/avr-programowanie/c/atmeltoolchain/bin/../lib/gcc/avr/4.7.2/../../../../avr/lib/avr5\libc.a(sprintf.o)

.debug_pubnames
 *(.debug_pubnames)

.debug_info     0x00000000      0xb49
 *(.debug_info)
 .debug_info    0x00000000      0x7d1 e:/avr-programowanie/c/atmeltoolchain/bin/../lib/gcc/avr/4.7.2/../../../../avr/lib/avr5\libprintf_flt.a(vfprintf_flt.o)
 .debug_info    0x000007d1      0x174 e:/avr-programowanie/c/atmeltoolchain/bin/../lib/gcc/avr/4.7.2/../../../../avr/lib/avr5\libc.a(fputc.o)
 .debug_info    0x00000945      0x204 e:/avr-programowanie/c/atmeltoolchain/bin/../lib/gcc/avr/4.7.2/../../../../avr/lib/avr5\libc.a(sprintf.o)
 *(.gnu.linkonce.wi.*)

.debug_abbrev   0x00000000      0x3ef
 *(.debug_abbrev)
 .debug_abbrev  0x00000000      0x1d4 e:/avr-programowanie/c/atmeltoolchain/bin/../lib/gcc/avr/4.7.2/../../../../avr/lib/avr5\libprintf_flt.a(vfprintf_flt.o)
 .debug_abbrev  0x000001d4       0xf1 e:/avr-programowanie/c/atmeltoolchain/bin/../lib/gcc/avr/4.7.2/../../../../avr/lib/avr5\libc.a(fputc.o)
 .debug_abbrev  0x000002c5      0x12a e:/avr-programowanie/c/atmeltoolchain/bin/../lib/gcc/avr/4.7.2/../../../../avr/lib/avr5\libc.a(sprintf.o)

.debug_line     0x00000000      0x798
 *(.debug_line)
 .debug_line    0x00000000      0x500 e:/avr-programowanie/c/atmeltoolchain/bin/../lib/gcc/avr/4.7.2/../../../../avr/lib/avr5\libprintf_flt.a(vfprintf_flt.o)
 .debug_line    0x00000500      0x104 e:/avr-programowanie/c/atmeltoolchain/bin/../lib/gcc/avr/4.7.2/../../../../avr/lib/avr5\libc.a(fputc.o)
 .debug_line    0x00000604      0x194 e:/avr-programowanie/c/atmeltoolchain/bin/../lib/gcc/avr/4.7.2/../../../../avr/lib/avr5\libc.a(sprintf.o)

.debug_frame    0x00000000       0xb4
 *(.debug_frame)
 .debug_frame   0x00000000       0x4c e:/avr-programowanie/c/atmeltoolchain/bin/../lib/gcc/avr/4.7.2/../../../../avr/lib/avr5\libprintf_flt.a(vfprintf_flt.o)
 .debug_frame   0x0000004c       0x38 e:/avr-programowanie/c/atmeltoolchain/bin/../lib/gcc/avr/4.7.2/../../../../avr/lib/avr5\libc.a(fputc.o)
 .debug_frame   0x00000084       0x30 e:/avr-programowanie/c/atmeltoolchain/bin/../lib/gcc/avr/4.7.2/../../../../avr/lib/avr5\libc.a(sprintf.o)

.debug_str      0x00000000      0x275
 *(.debug_str)
 .debug_str     0x00000000      0x1a7 e:/avr-programowanie/c/atmeltoolchain/bin/../lib/gcc/avr/4.7.2/../../../../avr/lib/avr5\libprintf_flt.a(vfprintf_flt.o)
                                0x1e8 (size before relaxing)
 .debug_str     0x000001a7       0x62 e:/avr-programowanie/c/atmeltoolchain/bin/../lib/gcc/avr/4.7.2/../../../../avr/lib/avr5\libc.a(fputc.o)
                                0x10d (size before relaxing)
 .debug_str     0x00000209       0x6c e:/avr-programowanie/c/atmeltoolchain/bin/../lib/gcc/avr/4.7.2/../../../../avr/lib/avr5\libc.a(sprintf.o)
                                0x13c (size before relaxing)

.debug_loc      0x00000000      0x963
 *(.debug_loc)
 .debug_loc     0x00000000      0x84f e:/avr-programowanie/c/atmeltoolchain/bin/../lib/gcc/avr/4.7.2/../../../../avr/lib/avr5\libprintf_flt.a(vfprintf_flt.o)
 .debug_loc     0x0000084f       0xf3 e:/avr-programowanie/c/atmeltoolchain/bin/../lib/gcc/avr/4.7.2/../../../../avr/lib/avr5\libc.a(fputc.o)
 .debug_loc     0x00000942       0x21 e:/avr-programowanie/c/atmeltoolchain/bin/../lib/gcc/avr/4.7.2/../../../../avr/lib/avr5\libc.a(sprintf.o)

.debug_macinfo
 *(.debug_macinfo)

.debug_pubtypes
 *(.debug_pubtypes)

.debug_ranges   0x00000000       0x48
 *(.debug_ranges)
 .debug_ranges  0x00000000       0x28 e:/avr-programowanie/c/atmeltoolchain/bin/../lib/gcc/avr/4.7.2/../../../../avr/lib/avr5\libprintf_flt.a(vfprintf_flt.o)
 .debug_ranges  0x00000028       0x10 e:/avr-programowanie/c/atmeltoolchain/bin/../lib/gcc/avr/4.7.2/../../../../avr/lib/avr5\libc.a(fputc.o)
 .debug_ranges  0x00000038       0x10 e:/avr-programowanie/c/atmeltoolchain/bin/../lib/gcc/avr/4.7.2/../../../../avr/lib/avr5\libc.a(sprintf.o)

.debug_macro
 *(.debug_macro)
OUTPUT(05_WIRE1.elf elf32-avr)
LOAD linker stubs
