Archive member included because of file (symbol)

e:/avr-programowanie/c/atmeltoolchain/bin/../lib/gcc/avr/4.7.2/avr5\libgcc.a(_udivmodsi4.o)
                              ./glcd.o (__udivmodsi4)
e:/avr-programowanie/c/atmeltoolchain/bin/../lib/gcc/avr/4.7.2/avr5\libgcc.a(_exit.o)
                              e:/avr-programowanie/c/atmeltoolchain/bin/../lib/gcc/avr/4.7.2/../../../../avr/lib/avr5/crtm32.o (exit)
e:/avr-programowanie/c/atmeltoolchain/bin/../lib/gcc/avr/4.7.2/avr5\libgcc.a(_copy_data.o)
                              ./main.o (__do_copy_data)
e:/avr-programowanie/c/atmeltoolchain/bin/../lib/gcc/avr/4.7.2/avr5\libgcc.a(_clear_bss.o)
                              ./glcd.o (__do_clear_bss)
e:/avr-programowanie/c/atmeltoolchain/bin/../lib/gcc/avr/4.7.2/avr5\libgcc.a(_fixunssfsi.o)
                              ./glcd.o (__fixunssfsi)
e:/avr-programowanie/c/atmeltoolchain/bin/../lib/gcc/avr/4.7.2/avr5\libgcc.a(_addsub_sf.o)
                              ./glcd.o (__subsf3)
e:/avr-programowanie/c/atmeltoolchain/bin/../lib/gcc/avr/4.7.2/avr5\libgcc.a(_mul_sf.o)
                              ./glcd.o (__mulsf3)
e:/avr-programowanie/c/atmeltoolchain/bin/../lib/gcc/avr/4.7.2/avr5\libgcc.a(_ge_sf.o)
                              e:/avr-programowanie/c/atmeltoolchain/bin/../lib/gcc/avr/4.7.2/avr5\libgcc.a(_fixunssfsi.o) (__gesf2)
e:/avr-programowanie/c/atmeltoolchain/bin/../lib/gcc/avr/4.7.2/avr5\libgcc.a(_sf_to_si.o)
                              e:/avr-programowanie/c/atmeltoolchain/bin/../lib/gcc/avr/4.7.2/avr5\libgcc.a(_fixunssfsi.o) (__fixsfsi)
e:/avr-programowanie/c/atmeltoolchain/bin/../lib/gcc/avr/4.7.2/avr5\libgcc.a(_thenan_sf.o)
                              e:/avr-programowanie/c/atmeltoolchain/bin/../lib/gcc/avr/4.7.2/avr5\libgcc.a(_addsub_sf.o) (__thenan_sf)
e:/avr-programowanie/c/atmeltoolchain/bin/../lib/gcc/avr/4.7.2/avr5\libgcc.a(_usi_to_sf.o)
                              ./glcd.o (__floatunsisf)
e:/avr-programowanie/c/atmeltoolchain/bin/../lib/gcc/avr/4.7.2/avr5\libgcc.a(_clzsi2.o)
                              e:/avr-programowanie/c/atmeltoolchain/bin/../lib/gcc/avr/4.7.2/avr5\libgcc.a(_usi_to_sf.o) (__clzsi2)
e:/avr-programowanie/c/atmeltoolchain/bin/../lib/gcc/avr/4.7.2/avr5\libgcc.a(_clzhi2.o)
                              e:/avr-programowanie/c/atmeltoolchain/bin/../lib/gcc/avr/4.7.2/avr5\libgcc.a(_clzsi2.o) (__clzhi2)
e:/avr-programowanie/c/atmeltoolchain/bin/../lib/gcc/avr/4.7.2/avr5\libgcc.a(_prologue.o)
                              e:/avr-programowanie/c/atmeltoolchain/bin/../lib/gcc/avr/4.7.2/avr5\libgcc.a(_addsub_sf.o) (__prologue_saves__)
e:/avr-programowanie/c/atmeltoolchain/bin/../lib/gcc/avr/4.7.2/avr5\libgcc.a(_epilogue.o)
                              e:/avr-programowanie/c/atmeltoolchain/bin/../lib/gcc/avr/4.7.2/avr5\libgcc.a(_addsub_sf.o) (__epilogue_restores__)
e:/avr-programowanie/c/atmeltoolchain/bin/../lib/gcc/avr/4.7.2/avr5\libgcc.a(_pack_sf.o)
                              e:/avr-programowanie/c/atmeltoolchain/bin/../lib/gcc/avr/4.7.2/avr5\libgcc.a(_addsub_sf.o) (__pack_f)
e:/avr-programowanie/c/atmeltoolchain/bin/../lib/gcc/avr/4.7.2/avr5\libgcc.a(_unpack_sf.o)
                              e:/avr-programowanie/c/atmeltoolchain/bin/../lib/gcc/avr/4.7.2/avr5\libgcc.a(_addsub_sf.o) (__unpack_f)
e:/avr-programowanie/c/atmeltoolchain/bin/../lib/gcc/avr/4.7.2/avr5\libgcc.a(_fpcmp_parts_sf.o)
                              e:/avr-programowanie/c/atmeltoolchain/bin/../lib/gcc/avr/4.7.2/avr5\libgcc.a(_ge_sf.o) (__fpcmp_parts_f)

Allocating common symbols
Common symbol       size              file

GLCD                0x4               ./glcd.o

Memory Configuration

Name             Origin             Length             Attributes
text             0x00000000         0x00020000         xr
data             0x00800060         0x0000ffa0         rw !x
eeprom           0x00810000         0x00010000         rw !x
fuse             0x00820000         0x00000400         rw !x
lock             0x00830000         0x00000400         rw !x
signature        0x00840000         0x00000400         rw !x
user_signatures  0x00850000         0x00000400         rw !x
*default*        0x00000000         0xffffffff

Linker script and memory map

LOAD e:/avr-programowanie/c/atmeltoolchain/bin/../lib/gcc/avr/4.7.2/../../../../avr/lib/avr5/crtm32.o
LOAD ./delay.o
LOAD ./glcd.o
LOAD ./main.o
LOAD e:/avr-programowanie/c/atmeltoolchain/bin/../lib/gcc/avr/4.7.2/avr5\libgcc.a
LOAD e:/avr-programowanie/c/atmeltoolchain/bin/../lib/gcc/avr/4.7.2/../../../../avr/lib/avr5\libc.a
LOAD e:/avr-programowanie/c/atmeltoolchain/bin/../lib/gcc/avr/4.7.2/avr5\libgcc.a

.hash
 *(.hash)

.dynsym
 *(.dynsym)

.dynstr
 *(.dynstr)

.gnu.version
 *(.gnu.version)

.gnu.version_d
 *(.gnu.version_d)

.gnu.version_r
 *(.gnu.version_r)

.rel.init
 *(.rel.init)

.rela.init
 *(.rela.init)

.rel.text
 *(.rel.text)
 *(.rel.text.*)
 *(.rel.gnu.linkonce.t*)

.rela.text
 *(.rela.text)
 *(.rela.text.*)
 *(.rela.gnu.linkonce.t*)

.rel.fini
 *(.rel.fini)

.rela.fini
 *(.rela.fini)

.rel.rodata
 *(.rel.rodata)
 *(.rel.rodata.*)
 *(.rel.gnu.linkonce.r*)

.rela.rodata
 *(.rela.rodata)
 *(.rela.rodata.*)
 *(.rela.gnu.linkonce.r*)

.rel.data
 *(.rel.data)
 *(.rel.data.*)
 *(.rel.gnu.linkonce.d*)

.rela.data
 *(.rela.data)
 *(.rela.data.*)
 *(.rela.gnu.linkonce.d*)

.rel.ctors
 *(.rel.ctors)

.rela.ctors
 *(.rela.ctors)

.rel.dtors
 *(.rel.dtors)

.rela.dtors
 *(.rela.dtors)

.rel.got
 *(.rel.got)

.rela.got
 *(.rela.got)

.rel.bss
 *(.rel.bss)

.rela.bss
 *(.rela.bss)

.rel.plt
 *(.rel.plt)

.rela.plt
 *(.rela.plt)

.text           0x00000000     0x1864
 *(.vectors)
 .vectors       0x00000000       0x54 e:/avr-programowanie/c/atmeltoolchain/bin/../lib/gcc/avr/4.7.2/../../../../avr/lib/avr5/crtm32.o
                0x00000000                __vector_default
                0x00000000                __vectors
 *(.vectors)
 *(.progmem.gcc*)
 *(.progmem*)
 .progmem.data.ARR_GlcdFont_U8
                0x00000054      0x387 ./glcd.o
                0x00000054                ARR_GlcdFont_U8
                0x000003dc                . = ALIGN (0x2)
 *fill*         0x000003db        0x1 
                0x000003dc                __trampolines_start = .
 *(.trampolines)
 .trampolines   0x000003dc        0x0 linker stubs
 *(.trampolines*)
                0x000003dc                __trampolines_end = .
 *(.jumptables)
 *(.jumptables*)
 *(.lowtext)
 *(.lowtext*)
                0x000003dc                __ctors_start = .
 *(.ctors)
                0x000003dc                __ctors_end = .
                0x000003dc                __dtors_start = .
 *(.dtors)
                0x000003dc                __dtors_end = .
 SORT(*)(.ctors)
 SORT(*)(.dtors)
 *(.init0)
 .init0         0x000003dc        0x0 e:/avr-programowanie/c/atmeltoolchain/bin/../lib/gcc/avr/4.7.2/../../../../avr/lib/avr5/crtm32.o
                0x000003dc                __init
 *(.init0)
 *(.init1)
 *(.init1)
 *(.init2)
 .init2         0x000003dc        0xc e:/avr-programowanie/c/atmeltoolchain/bin/../lib/gcc/avr/4.7.2/../../../../avr/lib/avr5/crtm32.o
 *(.init2)
 *(.init3)
 *(.init3)
 *(.init4)
 .init4         0x000003e8       0x16 e:/avr-programowanie/c/atmeltoolchain/bin/../lib/gcc/avr/4.7.2/avr5\libgcc.a(_copy_data.o)
                0x000003e8                __do_copy_data
 .init4         0x000003fe       0x10 e:/avr-programowanie/c/atmeltoolchain/bin/../lib/gcc/avr/4.7.2/avr5\libgcc.a(_clear_bss.o)
                0x000003fe                __do_clear_bss
 *(.init4)
 *(.init5)
 *(.init5)
 *(.init6)
 *(.init6)
 *(.init7)
 *(.init7)
 *(.init8)
 *(.init8)
 *(.init9)
 .init9         0x0000040e        0x8 e:/avr-programowanie/c/atmeltoolchain/bin/../lib/gcc/avr/4.7.2/../../../../avr/lib/avr5/crtm32.o
 *(.init9)
 *(.text)
 .text          0x00000416        0x4 e:/avr-programowanie/c/atmeltoolchain/bin/../lib/gcc/avr/4.7.2/../../../../avr/lib/avr5/crtm32.o
                0x00000416                __vector_1
                0x00000416                __vector_12
                0x00000416                __bad_interrupt
                0x00000416                __vector_6
                0x00000416                __vector_3
                0x00000416                __vector_11
                0x00000416                __vector_13
                0x00000416                __vector_17
                0x00000416                __vector_19
                0x00000416                __vector_7
                0x00000416                __vector_5
                0x00000416                __vector_4
                0x00000416                __vector_9
                0x00000416                __vector_2
                0x00000416                __vector_15
                0x00000416                __vector_8
                0x00000416                __vector_14
                0x00000416                __vector_10
                0x00000416                __vector_16
                0x00000416                __vector_18
                0x00000416                __vector_20
 .text          0x0000041a        0x0 ./delay.o
 .text          0x0000041a        0x0 ./glcd.o
 .text          0x0000041a        0x0 ./main.o
 .text          0x0000041a        0x0 e:/avr-programowanie/c/atmeltoolchain/bin/../lib/gcc/avr/4.7.2/avr5\libgcc.a(_udivmodsi4.o)
 .text          0x0000041a        0x0 e:/avr-programowanie/c/atmeltoolchain/bin/../lib/gcc/avr/4.7.2/avr5\libgcc.a(_exit.o)
 .text          0x0000041a        0x0 e:/avr-programowanie/c/atmeltoolchain/bin/../lib/gcc/avr/4.7.2/avr5\libgcc.a(_copy_data.o)
 .text          0x0000041a        0x0 e:/avr-programowanie/c/atmeltoolchain/bin/../lib/gcc/avr/4.7.2/avr5\libgcc.a(_clear_bss.o)
 .text          0x0000041a       0x5a e:/avr-programowanie/c/atmeltoolchain/bin/../lib/gcc/avr/4.7.2/avr5\libgcc.a(_fixunssfsi.o)
                0x0000041a                __fixunssfsi
 .text          0x00000474      0x370 e:/avr-programowanie/c/atmeltoolchain/bin/../lib/gcc/avr/4.7.2/avr5\libgcc.a(_addsub_sf.o)
                0x0000072c                __addsf3
                0x00000784                __subsf3
 .text          0x000007e4      0x1ca e:/avr-programowanie/c/atmeltoolchain/bin/../lib/gcc/avr/4.7.2/avr5\libgcc.a(_mul_sf.o)
                0x000007e4                __mulsf3
 .text          0x000009ae       0x5e e:/avr-programowanie/c/atmeltoolchain/bin/../lib/gcc/avr/4.7.2/avr5\libgcc.a(_ge_sf.o)
                0x000009ae                __gesf2
 .text          0x00000a0c       0x9e e:/avr-programowanie/c/atmeltoolchain/bin/../lib/gcc/avr/4.7.2/avr5\libgcc.a(_sf_to_si.o)
                0x00000a0c                __fixsfsi
 .text          0x00000aaa        0x0 e:/avr-programowanie/c/atmeltoolchain/bin/../lib/gcc/avr/4.7.2/avr5\libgcc.a(_thenan_sf.o)
 .text          0x00000aaa       0xec e:/avr-programowanie/c/atmeltoolchain/bin/../lib/gcc/avr/4.7.2/avr5\libgcc.a(_usi_to_sf.o)
                0x00000aaa                __floatunsisf
 .text          0x00000b96        0x0 e:/avr-programowanie/c/atmeltoolchain/bin/../lib/gcc/avr/4.7.2/avr5\libgcc.a(_clzsi2.o)
 .text          0x00000b96        0x0 e:/avr-programowanie/c/atmeltoolchain/bin/../lib/gcc/avr/4.7.2/avr5\libgcc.a(_clzhi2.o)
 .text          0x00000b96        0x0 e:/avr-programowanie/c/atmeltoolchain/bin/../lib/gcc/avr/4.7.2/avr5\libgcc.a(_prologue.o)
 .text          0x00000b96        0x0 e:/avr-programowanie/c/atmeltoolchain/bin/../lib/gcc/avr/4.7.2/avr5\libgcc.a(_epilogue.o)
 .text          0x00000b96      0x194 e:/avr-programowanie/c/atmeltoolchain/bin/../lib/gcc/avr/4.7.2/avr5\libgcc.a(_pack_sf.o)
                0x00000b96                __pack_f
 .text          0x00000d2a       0xde e:/avr-programowanie/c/atmeltoolchain/bin/../lib/gcc/avr/4.7.2/avr5\libgcc.a(_unpack_sf.o)
                0x00000d2a                __unpack_f
 .text          0x00000e08       0xc2 e:/avr-programowanie/c/atmeltoolchain/bin/../lib/gcc/avr/4.7.2/avr5\libgcc.a(_fpcmp_parts_sf.o)
                0x00000e08                __fpcmp_parts_f
                0x00000eca                . = ALIGN (0x2)
 *(.text.*)
 .text.DELAY_sec
                0x00000eca       0x1c ./delay.o
                0x00000eca                DELAY_sec
 .text.glcd_SelectPage0
                0x00000ee6        0x6 ./glcd.o
 .text.glcd_SelectPage1
                0x00000eec        0x6 ./glcd.o
 .text.glcd_BusyCheck
                0x00000ef2       0x22 ./glcd.o
 .text.glcd_DataWrite
                0x00000f14       0x32 ./glcd.o
 .text.glcd_CmdWrite
                0x00000f46       0x2c ./glcd.o
 .text.GLCD_GoToPage.part.1
                0x00000f72       0x2e ./glcd.o
 .text.GLCD_SetCursor
                0x00000fa0       0x52 ./glcd.o
                0x00000fa0                GLCD_SetCursor
 .text.GLCD_GetCursor
                0x00000ff2       0x1a ./glcd.o
                0x00000ff2                GLCD_GetCursor
 .text.GLCD_GoToPage
                0x0000100c        0xa ./glcd.o
                0x0000100c                GLCD_GoToPage
 .text.GLCD_GoToLine
                0x00001016       0x12 ./glcd.o
                0x00001016                GLCD_GoToLine
 .text.GLCD_Clear
                0x00001028       0x4c ./glcd.o
                0x00001028                GLCD_Clear
 .text.GLCD_Init
                0x00001074       0x3e ./glcd.o
                0x00001074                GLCD_Init
 .text.GLCD_GoToNextLine
                0x000010b2       0x18 ./glcd.o
                0x000010b2                GLCD_GoToNextLine
 .text.GLCD_EnableDisplayInversion
                0x000010ca        0x8 ./glcd.o
                0x000010ca                GLCD_EnableDisplayInversion
 .text.GLCD_DisableDisplayInversion
                0x000010d2        0x6 ./glcd.o
                0x000010d2                GLCD_DisableDisplayInversion
 .text.GLCD_DisplayChar
                0x000010d8       0x68 ./glcd.o
                0x000010d8                GLCD_DisplayChar
 .text.GLCD_DisplayString
                0x00001140       0x18 ./glcd.o
                0x00001140                GLCD_DisplayString
 .text.GLCD_DisplayDecimalNumber
                0x00001158       0xd0 ./glcd.o
                0x00001158                GLCD_DisplayDecimalNumber
 .text.GLCD_DisplayHexNumber
                0x00001228       0xa8 ./glcd.o
                0x00001228                GLCD_DisplayHexNumber
 .text.GLCD_DisplayBinaryNumber
                0x000012d0       0x7c ./glcd.o
                0x000012d0                GLCD_DisplayBinaryNumber
 .text.GLCD_DisplayFloatNumber
                0x0000134c       0x66 ./glcd.o
                0x0000134c                GLCD_DisplayFloatNumber
 .text.GLCD_Printf
                0x000013b2      0x232 ./glcd.o
                0x000013b2                GLCD_Printf
 .text.GLCD_DisplayLogo
                0x000015e4       0x3a ./glcd.o
                0x000015e4                GLCD_DisplayLogo
 .text.GLCD_DisplayVerticalGraph
                0x0000161e       0xb8 ./glcd.o
                0x0000161e                GLCD_DisplayVerticalGraph
 .text.GLCD_DisplayHorizontalGraph
                0x000016d6       0x68 ./glcd.o
                0x000016d6                GLCD_DisplayHorizontalGraph
 .text.startup.main
                0x0000173e       0x3a ./main.o
                0x0000173e                main
 .text.libgcc.mul
                0x00001778        0x0 e:/avr-programowanie/c/atmeltoolchain/bin/../lib/gcc/avr/4.7.2/avr5\libgcc.a(_udivmodsi4.o)
 .text.libgcc.div
                0x00001778       0x44 e:/avr-programowanie/c/atmeltoolchain/bin/../lib/gcc/avr/4.7.2/avr5\libgcc.a(_udivmodsi4.o)
                0x00001778                __udivmodsi4
 .text.libgcc   0x000017bc        0x0 e:/avr-programowanie/c/atmeltoolchain/bin/../lib/gcc/avr/4.7.2/avr5\libgcc.a(_udivmodsi4.o)
 .text.libgcc.prologue
                0x000017bc        0x0 e:/avr-programowanie/c/atmeltoolchain/bin/../lib/gcc/avr/4.7.2/avr5\libgcc.a(_udivmodsi4.o)
 .text.libgcc.builtins
                0x000017bc        0x0 e:/avr-programowanie/c/atmeltoolchain/bin/../lib/gcc/avr/4.7.2/avr5\libgcc.a(_udivmodsi4.o)
 .text.libgcc.fmul
                0x000017bc        0x0 e:/avr-programowanie/c/atmeltoolchain/bin/../lib/gcc/avr/4.7.2/avr5\libgcc.a(_udivmodsi4.o)
 .text.libgcc.mul
                0x000017bc        0x0 e:/avr-programowanie/c/atmeltoolchain/bin/../lib/gcc/avr/4.7.2/avr5\libgcc.a(_exit.o)
 .text.libgcc.div
                0x000017bc        0x0 e:/avr-programowanie/c/atmeltoolchain/bin/../lib/gcc/avr/4.7.2/avr5\libgcc.a(_exit.o)
 .text.libgcc   0x000017bc        0x0 e:/avr-programowanie/c/atmeltoolchain/bin/../lib/gcc/avr/4.7.2/avr5\libgcc.a(_exit.o)
 .text.libgcc.prologue
                0x000017bc        0x0 e:/avr-programowanie/c/atmeltoolchain/bin/../lib/gcc/avr/4.7.2/avr5\libgcc.a(_exit.o)
 .text.libgcc.builtins
                0x000017bc        0x0 e:/avr-programowanie/c/atmeltoolchain/bin/../lib/gcc/avr/4.7.2/avr5\libgcc.a(_exit.o)
 .text.libgcc.fmul
                0x000017bc        0x0 e:/avr-programowanie/c/atmeltoolchain/bin/../lib/gcc/avr/4.7.2/avr5\libgcc.a(_exit.o)
 .text.libgcc.mul
                0x000017bc        0x0 e:/avr-programowanie/c/atmeltoolchain/bin/../lib/gcc/avr/4.7.2/avr5\libgcc.a(_copy_data.o)
 .text.libgcc.div
                0x000017bc        0x0 e:/avr-programowanie/c/atmeltoolchain/bin/../lib/gcc/avr/4.7.2/avr5\libgcc.a(_copy_data.o)
 .text.libgcc   0x000017bc        0x0 e:/avr-programowanie/c/atmeltoolchain/bin/../lib/gcc/avr/4.7.2/avr5\libgcc.a(_copy_data.o)
 .text.libgcc.prologue
                0x000017bc        0x0 e:/avr-programowanie/c/atmeltoolchain/bin/../lib/gcc/avr/4.7.2/avr5\libgcc.a(_copy_data.o)
 .text.libgcc.builtins
                0x000017bc        0x0 e:/avr-programowanie/c/atmeltoolchain/bin/../lib/gcc/avr/4.7.2/avr5\libgcc.a(_copy_data.o)
 .text.libgcc.fmul
                0x000017bc        0x0 e:/avr-programowanie/c/atmeltoolchain/bin/../lib/gcc/avr/4.7.2/avr5\libgcc.a(_copy_data.o)
 .text.libgcc.mul
                0x000017bc        0x0 e:/avr-programowanie/c/atmeltoolchain/bin/../lib/gcc/avr/4.7.2/avr5\libgcc.a(_clear_bss.o)
 .text.libgcc.div
                0x000017bc        0x0 e:/avr-programowanie/c/atmeltoolchain/bin/../lib/gcc/avr/4.7.2/avr5\libgcc.a(_clear_bss.o)
 .text.libgcc   0x000017bc        0x0 e:/avr-programowanie/c/atmeltoolchain/bin/../lib/gcc/avr/4.7.2/avr5\libgcc.a(_clear_bss.o)
 .text.libgcc.prologue
                0x000017bc        0x0 e:/avr-programowanie/c/atmeltoolchain/bin/../lib/gcc/avr/4.7.2/avr5\libgcc.a(_clear_bss.o)
 .text.libgcc.builtins
                0x000017bc        0x0 e:/avr-programowanie/c/atmeltoolchain/bin/../lib/gcc/avr/4.7.2/avr5\libgcc.a(_clear_bss.o)
 .text.libgcc.fmul
                0x000017bc        0x0 e:/avr-programowanie/c/atmeltoolchain/bin/../lib/gcc/avr/4.7.2/avr5\libgcc.a(_clear_bss.o)
 .text.libgcc.mul
                0x000017bc        0x0 e:/avr-programowanie/c/atmeltoolchain/bin/../lib/gcc/avr/4.7.2/avr5\libgcc.a(_clzsi2.o)
 .text.libgcc.div
                0x000017bc        0x0 e:/avr-programowanie/c/atmeltoolchain/bin/../lib/gcc/avr/4.7.2/avr5\libgcc.a(_clzsi2.o)
 .text.libgcc   0x000017bc        0x0 e:/avr-programowanie/c/atmeltoolchain/bin/../lib/gcc/avr/4.7.2/avr5\libgcc.a(_clzsi2.o)
 .text.libgcc.prologue
                0x000017bc        0x0 e:/avr-programowanie/c/atmeltoolchain/bin/../lib/gcc/avr/4.7.2/avr5\libgcc.a(_clzsi2.o)
 .text.libgcc.builtins
                0x000017bc       0x12 e:/avr-programowanie/c/atmeltoolchain/bin/../lib/gcc/avr/4.7.2/avr5\libgcc.a(_clzsi2.o)
                0x000017bc                __clzsi2
 .text.libgcc.fmul
                0x000017ce        0x0 e:/avr-programowanie/c/atmeltoolchain/bin/../lib/gcc/avr/4.7.2/avr5\libgcc.a(_clzsi2.o)
 .text.libgcc.mul
                0x000017ce        0x0 e:/avr-programowanie/c/atmeltoolchain/bin/../lib/gcc/avr/4.7.2/avr5\libgcc.a(_clzhi2.o)
 .text.libgcc.div
                0x000017ce        0x0 e:/avr-programowanie/c/atmeltoolchain/bin/../lib/gcc/avr/4.7.2/avr5\libgcc.a(_clzhi2.o)
 .text.libgcc   0x000017ce        0x0 e:/avr-programowanie/c/atmeltoolchain/bin/../lib/gcc/avr/4.7.2/avr5\libgcc.a(_clzhi2.o)
 .text.libgcc.prologue
                0x000017ce        0x0 e:/avr-programowanie/c/atmeltoolchain/bin/../lib/gcc/avr/4.7.2/avr5\libgcc.a(_clzhi2.o)
 .text.libgcc.builtins
                0x000017ce       0x24 e:/avr-programowanie/c/atmeltoolchain/bin/../lib/gcc/avr/4.7.2/avr5\libgcc.a(_clzhi2.o)
                0x000017ce                __clzhi2
 .text.libgcc.fmul
                0x000017f2        0x0 e:/avr-programowanie/c/atmeltoolchain/bin/../lib/gcc/avr/4.7.2/avr5\libgcc.a(_clzhi2.o)
 .text.libgcc.mul
                0x000017f2        0x0 e:/avr-programowanie/c/atmeltoolchain/bin/../lib/gcc/avr/4.7.2/avr5\libgcc.a(_prologue.o)
 .text.libgcc.div
                0x000017f2        0x0 e:/avr-programowanie/c/atmeltoolchain/bin/../lib/gcc/avr/4.7.2/avr5\libgcc.a(_prologue.o)
 .text.libgcc   0x000017f2        0x0 e:/avr-programowanie/c/atmeltoolchain/bin/../lib/gcc/avr/4.7.2/avr5\libgcc.a(_prologue.o)
 .text.libgcc.prologue
                0x000017f2       0x38 e:/avr-programowanie/c/atmeltoolchain/bin/../lib/gcc/avr/4.7.2/avr5\libgcc.a(_prologue.o)
                0x000017f2                __prologue_saves__
 .text.libgcc.builtins
                0x0000182a        0x0 e:/avr-programowanie/c/atmeltoolchain/bin/../lib/gcc/avr/4.7.2/avr5\libgcc.a(_prologue.o)
 .text.libgcc.fmul
                0x0000182a        0x0 e:/avr-programowanie/c/atmeltoolchain/bin/../lib/gcc/avr/4.7.2/avr5\libgcc.a(_prologue.o)
 .text.libgcc.mul
                0x0000182a        0x0 e:/avr-programowanie/c/atmeltoolchain/bin/../lib/gcc/avr/4.7.2/avr5\libgcc.a(_epilogue.o)
 .text.libgcc.div
                0x0000182a        0x0 e:/avr-programowanie/c/atmeltoolchain/bin/../lib/gcc/avr/4.7.2/avr5\libgcc.a(_epilogue.o)
 .text.libgcc   0x0000182a        0x0 e:/avr-programowanie/c/atmeltoolchain/bin/../lib/gcc/avr/4.7.2/avr5\libgcc.a(_epilogue.o)
 .text.libgcc.prologue
                0x0000182a       0x36 e:/avr-programowanie/c/atmeltoolchain/bin/../lib/gcc/avr/4.7.2/avr5\libgcc.a(_epilogue.o)
                0x0000182a                __epilogue_restores__
 .text.libgcc.builtins
                0x00001860        0x0 e:/avr-programowanie/c/atmeltoolchain/bin/../lib/gcc/avr/4.7.2/avr5\libgcc.a(_epilogue.o)
 .text.libgcc.fmul
                0x00001860        0x0 e:/avr-programowanie/c/atmeltoolchain/bin/../lib/gcc/avr/4.7.2/avr5\libgcc.a(_epilogue.o)
                0x00001860                . = ALIGN (0x2)
 *(.fini9)
 .fini9         0x00001860        0x0 e:/avr-programowanie/c/atmeltoolchain/bin/../lib/gcc/avr/4.7.2/avr5\libgcc.a(_exit.o)
                0x00001860                _exit
                0x00001860                exit
 *(.fini9)
 *(.fini8)
 *(.fini8)
 *(.fini7)
 *(.fini7)
 *(.fini6)
 *(.fini6)
 *(.fini5)
 *(.fini5)
 *(.fini4)
 *(.fini4)
 *(.fini3)
 *(.fini3)
 *(.fini2)
 *(.fini2)
 *(.fini1)
 *(.fini1)
 *(.fini0)
 .fini0         0x00001860        0x4 e:/avr-programowanie/c/atmeltoolchain/bin/../lib/gcc/avr/4.7.2/avr5\libgcc.a(_exit.o)
 *(.fini0)
                0x00001864                _etext = .

.data           0x00800060       0x36 load address 0x00001864
                0x00800060                PROVIDE (__data_start, .)
 *(.data)
 .data          0x00800060        0x0 e:/avr-programowanie/c/atmeltoolchain/bin/../lib/gcc/avr/4.7.2/../../../../avr/lib/avr5/crtm32.o
 .data          0x00800060        0x0 ./delay.o
 .data          0x00800060        0x0 ./glcd.o
 .data          0x00800060        0x0 ./main.o
 .data          0x00800060        0x0 e:/avr-programowanie/c/atmeltoolchain/bin/../lib/gcc/avr/4.7.2/avr5\libgcc.a(_udivmodsi4.o)
 .data          0x00800060        0x0 e:/avr-programowanie/c/atmeltoolchain/bin/../lib/gcc/avr/4.7.2/avr5\libgcc.a(_exit.o)
 .data          0x00800060        0x0 e:/avr-programowanie/c/atmeltoolchain/bin/../lib/gcc/avr/4.7.2/avr5\libgcc.a(_copy_data.o)
 .data          0x00800060        0x0 e:/avr-programowanie/c/atmeltoolchain/bin/../lib/gcc/avr/4.7.2/avr5\libgcc.a(_clear_bss.o)
 .data          0x00800060        0x0 e:/avr-programowanie/c/atmeltoolchain/bin/../lib/gcc/avr/4.7.2/avr5\libgcc.a(_fixunssfsi.o)
 .data          0x00800060        0x0 e:/avr-programowanie/c/atmeltoolchain/bin/../lib/gcc/avr/4.7.2/avr5\libgcc.a(_addsub_sf.o)
 .data          0x00800060        0x0 e:/avr-programowanie/c/atmeltoolchain/bin/../lib/gcc/avr/4.7.2/avr5\libgcc.a(_mul_sf.o)
 .data          0x00800060        0x0 e:/avr-programowanie/c/atmeltoolchain/bin/../lib/gcc/avr/4.7.2/avr5\libgcc.a(_ge_sf.o)
 .data          0x00800060        0x0 e:/avr-programowanie/c/atmeltoolchain/bin/../lib/gcc/avr/4.7.2/avr5\libgcc.a(_sf_to_si.o)
 .data          0x00800060        0x0 e:/avr-programowanie/c/atmeltoolchain/bin/../lib/gcc/avr/4.7.2/avr5\libgcc.a(_thenan_sf.o)
 .data          0x00800060        0x0 e:/avr-programowanie/c/atmeltoolchain/bin/../lib/gcc/avr/4.7.2/avr5\libgcc.a(_usi_to_sf.o)
 .data          0x00800060        0x0 e:/avr-programowanie/c/atmeltoolchain/bin/../lib/gcc/avr/4.7.2/avr5\libgcc.a(_clzsi2.o)
 .data          0x00800060        0x0 e:/avr-programowanie/c/atmeltoolchain/bin/../lib/gcc/avr/4.7.2/avr5\libgcc.a(_clzhi2.o)
 .data          0x00800060        0x0 e:/avr-programowanie/c/atmeltoolchain/bin/../lib/gcc/avr/4.7.2/avr5\libgcc.a(_prologue.o)
 .data          0x00800060        0x0 e:/avr-programowanie/c/atmeltoolchain/bin/../lib/gcc/avr/4.7.2/avr5\libgcc.a(_epilogue.o)
 .data          0x00800060        0x0 e:/avr-programowanie/c/atmeltoolchain/bin/../lib/gcc/avr/4.7.2/avr5\libgcc.a(_pack_sf.o)
 .data          0x00800060        0x0 e:/avr-programowanie/c/atmeltoolchain/bin/../lib/gcc/avr/4.7.2/avr5\libgcc.a(_unpack_sf.o)
 .data          0x00800060        0x0 e:/avr-programowanie/c/atmeltoolchain/bin/../lib/gcc/avr/4.7.2/avr5\libgcc.a(_fpcmp_parts_sf.o)
 *(.data*)
 *(.rodata)
 .rodata        0x00800060        0x8 e:/avr-programowanie/c/atmeltoolchain/bin/../lib/gcc/avr/4.7.2/avr5\libgcc.a(_thenan_sf.o)
                0x00800060                __thenan_sf
 *(.rodata*)
 .rodata.str1.1
                0x00800068       0x2d ./main.o
 *(.gnu.linkonce.d*)
                0x00800096                . = ALIGN (0x2)
 *fill*         0x00800095        0x1 
                0x00800096                _edata = .
                0x00800096                PROVIDE (__data_end, .)

.bss            0x00800096        0x4
                0x00800096                PROVIDE (__bss_start, .)
 *(.bss)
 .bss           0x00800096        0x0 e:/avr-programowanie/c/atmeltoolchain/bin/../lib/gcc/avr/4.7.2/../../../../avr/lib/avr5/crtm32.o
 .bss           0x00800096        0x0 ./delay.o
 .bss           0x00800096        0x0 ./glcd.o
 .bss           0x00800096        0x0 ./main.o
 .bss           0x00800096        0x0 e:/avr-programowanie/c/atmeltoolchain/bin/../lib/gcc/avr/4.7.2/avr5\libgcc.a(_udivmodsi4.o)
 .bss           0x00800096        0x0 e:/avr-programowanie/c/atmeltoolchain/bin/../lib/gcc/avr/4.7.2/avr5\libgcc.a(_exit.o)
 .bss           0x00800096        0x0 e:/avr-programowanie/c/atmeltoolchain/bin/../lib/gcc/avr/4.7.2/avr5\libgcc.a(_copy_data.o)
 .bss           0x00800096        0x0 e:/avr-programowanie/c/atmeltoolchain/bin/../lib/gcc/avr/4.7.2/avr5\libgcc.a(_clear_bss.o)
 .bss           0x00800096        0x0 e:/avr-programowanie/c/atmeltoolchain/bin/../lib/gcc/avr/4.7.2/avr5\libgcc.a(_fixunssfsi.o)
 .bss           0x00800096        0x0 e:/avr-programowanie/c/atmeltoolchain/bin/../lib/gcc/avr/4.7.2/avr5\libgcc.a(_addsub_sf.o)
 .bss           0x00800096        0x0 e:/avr-programowanie/c/atmeltoolchain/bin/../lib/gcc/avr/4.7.2/avr5\libgcc.a(_mul_sf.o)
 .bss           0x00800096        0x0 e:/avr-programowanie/c/atmeltoolchain/bin/../lib/gcc/avr/4.7.2/avr5\libgcc.a(_ge_sf.o)
 .bss           0x00800096        0x0 e:/avr-programowanie/c/atmeltoolchain/bin/../lib/gcc/avr/4.7.2/avr5\libgcc.a(_sf_to_si.o)
 .bss           0x00800096        0x0 e:/avr-programowanie/c/atmeltoolchain/bin/../lib/gcc/avr/4.7.2/avr5\libgcc.a(_thenan_sf.o)
 .bss           0x00800096        0x0 e:/avr-programowanie/c/atmeltoolchain/bin/../lib/gcc/avr/4.7.2/avr5\libgcc.a(_usi_to_sf.o)
 .bss           0x00800096        0x0 e:/avr-programowanie/c/atmeltoolchain/bin/../lib/gcc/avr/4.7.2/avr5\libgcc.a(_clzsi2.o)
 .bss           0x00800096        0x0 e:/avr-programowanie/c/atmeltoolchain/bin/../lib/gcc/avr/4.7.2/avr5\libgcc.a(_clzhi2.o)
 .bss           0x00800096        0x0 e:/avr-programowanie/c/atmeltoolchain/bin/../lib/gcc/avr/4.7.2/avr5\libgcc.a(_prologue.o)
 .bss           0x00800096        0x0 e:/avr-programowanie/c/atmeltoolchain/bin/../lib/gcc/avr/4.7.2/avr5\libgcc.a(_epilogue.o)
 .bss           0x00800096        0x0 e:/avr-programowanie/c/atmeltoolchain/bin/../lib/gcc/avr/4.7.2/avr5\libgcc.a(_pack_sf.o)
 .bss           0x00800096        0x0 e:/avr-programowanie/c/atmeltoolchain/bin/../lib/gcc/avr/4.7.2/avr5\libgcc.a(_unpack_sf.o)
 .bss           0x00800096        0x0 e:/avr-programowanie/c/atmeltoolchain/bin/../lib/gcc/avr/4.7.2/avr5\libgcc.a(_fpcmp_parts_sf.o)
 *(.bss*)
 *(COMMON)
 COMMON         0x00800096        0x4 ./glcd.o
                0x00800096                GLCD
                0x0080009a                PROVIDE (__bss_end, .)
                0x00001864                __data_load_start = LOADADDR (.data)
                0x0000189a                __data_load_end = (__data_load_start + SIZEOF (.data))

.noinit         0x0080009a        0x0
                0x0080009a                PROVIDE (__noinit_start, .)
 *(.noinit*)
                0x0080009a                PROVIDE (__noinit_end, .)
                0x0080009a                _end = .
                0x0080009a                PROVIDE (__heap_start, .)

.eeprom         0x00810000        0x0
 *(.eeprom*)
                0x00810000                __eeprom_end = .

.fuse
 *(.fuse)
 *(.lfuse)
 *(.hfuse)
 *(.efuse)

.lock
 *(.lock*)

.signature
 *(.signature*)

.user_signatures
 *(.user_signatures*)

.stab           0x00000000      0x6cc
 *(.stab)
 .stab          0x00000000      0x6cc e:/avr-programowanie/c/atmeltoolchain/bin/../lib/gcc/avr/4.7.2/../../../../avr/lib/avr5/crtm32.o

.stabstr        0x00000000       0x97
 *(.stabstr)
 .stabstr       0x00000000       0x97 e:/avr-programowanie/c/atmeltoolchain/bin/../lib/gcc/avr/4.7.2/../../../../avr/lib/avr5/crtm32.o

.stab.excl
 *(.stab.excl)

.stab.exclstr
 *(.stab.exclstr)

.stab.index
 *(.stab.index)

.stab.indexstr
 *(.stab.indexstr)

.comment        0x00000000       0x2f
 *(.comment)
 .comment       0x00000000       0x2f ./delay.o
                                 0x30 (size before relaxing)
 .comment       0x00000000       0x30 ./glcd.o
 .comment       0x00000000       0x30 ./main.o
 .comment       0x00000000       0x30 e:/avr-programowanie/c/atmeltoolchain/bin/../lib/gcc/avr/4.7.2/avr5\libgcc.a(_fixunssfsi.o)
 .comment       0x00000000       0x30 e:/avr-programowanie/c/atmeltoolchain/bin/../lib/gcc/avr/4.7.2/avr5\libgcc.a(_addsub_sf.o)
 .comment       0x00000000       0x30 e:/avr-programowanie/c/atmeltoolchain/bin/../lib/gcc/avr/4.7.2/avr5\libgcc.a(_mul_sf.o)
 .comment       0x00000000       0x30 e:/avr-programowanie/c/atmeltoolchain/bin/../lib/gcc/avr/4.7.2/avr5\libgcc.a(_ge_sf.o)
 .comment       0x00000000       0x30 e:/avr-programowanie/c/atmeltoolchain/bin/../lib/gcc/avr/4.7.2/avr5\libgcc.a(_sf_to_si.o)
 .comment       0x00000000       0x30 e:/avr-programowanie/c/atmeltoolchain/bin/../lib/gcc/avr/4.7.2/avr5\libgcc.a(_thenan_sf.o)
 .comment       0x00000000       0x30 e:/avr-programowanie/c/atmeltoolchain/bin/../lib/gcc/avr/4.7.2/avr5\libgcc.a(_usi_to_sf.o)
 .comment       0x00000000       0x30 e:/avr-programowanie/c/atmeltoolchain/bin/../lib/gcc/avr/4.7.2/avr5\libgcc.a(_pack_sf.o)
 .comment       0x00000000       0x30 e:/avr-programowanie/c/atmeltoolchain/bin/../lib/gcc/avr/4.7.2/avr5\libgcc.a(_unpack_sf.o)
 .comment       0x00000000       0x30 e:/avr-programowanie/c/atmeltoolchain/bin/../lib/gcc/avr/4.7.2/avr5\libgcc.a(_fpcmp_parts_sf.o)

.debug
 *(.debug)

.line
 *(.line)

.debug_srcinfo
 *(.debug_srcinfo)

.debug_sfnames
 *(.debug_sfnames)

.debug_aranges  0x00000000      0x138
 *(.debug_aranges)
 .debug_aranges
                0x00000000       0x20 e:/avr-programowanie/c/atmeltoolchain/bin/../lib/gcc/avr/4.7.2/avr5\libgcc.a(_fixunssfsi.o)
 .debug_aranges
                0x00000020       0x20 e:/avr-programowanie/c/atmeltoolchain/bin/../lib/gcc/avr/4.7.2/avr5\libgcc.a(_addsub_sf.o)
 .debug_aranges
                0x00000040       0x20 e:/avr-programowanie/c/atmeltoolchain/bin/../lib/gcc/avr/4.7.2/avr5\libgcc.a(_mul_sf.o)
 .debug_aranges
                0x00000060       0x20 e:/avr-programowanie/c/atmeltoolchain/bin/../lib/gcc/avr/4.7.2/avr5\libgcc.a(_ge_sf.o)
 .debug_aranges
                0x00000080       0x20 e:/avr-programowanie/c/atmeltoolchain/bin/../lib/gcc/avr/4.7.2/avr5\libgcc.a(_sf_to_si.o)
 .debug_aranges
                0x000000a0       0x18 e:/avr-programowanie/c/atmeltoolchain/bin/../lib/gcc/avr/4.7.2/avr5\libgcc.a(_thenan_sf.o)
 .debug_aranges
                0x000000b8       0x20 e:/avr-programowanie/c/atmeltoolchain/bin/../lib/gcc/avr/4.7.2/avr5\libgcc.a(_usi_to_sf.o)
 .debug_aranges
                0x000000d8       0x20 e:/avr-programowanie/c/atmeltoolchain/bin/../lib/gcc/avr/4.7.2/avr5\libgcc.a(_pack_sf.o)
 .debug_aranges
                0x000000f8       0x20 e:/avr-programowanie/c/atmeltoolchain/bin/../lib/gcc/avr/4.7.2/avr5\libgcc.a(_unpack_sf.o)
 .debug_aranges
                0x00000118       0x20 e:/avr-programowanie/c/atmeltoolchain/bin/../lib/gcc/avr/4.7.2/avr5\libgcc.a(_fpcmp_parts_sf.o)

.debug_pubnames
 *(.debug_pubnames)

.debug_info     0x00000000     0x1bb3
 *(.debug_info)
 .debug_info    0x00000000       0xbe e:/avr-programowanie/c/atmeltoolchain/bin/../lib/gcc/avr/4.7.2/avr5\libgcc.a(_fixunssfsi.o)
 .debug_info    0x000000be      0x589 e:/avr-programowanie/c/atmeltoolchain/bin/../lib/gcc/avr/4.7.2/avr5\libgcc.a(_addsub_sf.o)
 .debug_info    0x00000647      0x47c e:/avr-programowanie/c/atmeltoolchain/bin/../lib/gcc/avr/4.7.2/avr5\libgcc.a(_mul_sf.o)
 .debug_info    0x00000ac3      0x32d e:/avr-programowanie/c/atmeltoolchain/bin/../lib/gcc/avr/4.7.2/avr5\libgcc.a(_ge_sf.o)
 .debug_info    0x00000df0      0x2e6 e:/avr-programowanie/c/atmeltoolchain/bin/../lib/gcc/avr/4.7.2/avr5\libgcc.a(_sf_to_si.o)
 .debug_info    0x000010d6      0x150 e:/avr-programowanie/c/atmeltoolchain/bin/../lib/gcc/avr/4.7.2/avr5\libgcc.a(_thenan_sf.o)
 .debug_info    0x00001226      0x264 e:/avr-programowanie/c/atmeltoolchain/bin/../lib/gcc/avr/4.7.2/avr5\libgcc.a(_usi_to_sf.o)
 .debug_info    0x0000148a      0x2d2 e:/avr-programowanie/c/atmeltoolchain/bin/../lib/gcc/avr/4.7.2/avr5\libgcc.a(_pack_sf.o)
 .debug_info    0x0000175c      0x268 e:/avr-programowanie/c/atmeltoolchain/bin/../lib/gcc/avr/4.7.2/avr5\libgcc.a(_unpack_sf.o)
 .debug_info    0x000019c4      0x1ef e:/avr-programowanie/c/atmeltoolchain/bin/../lib/gcc/avr/4.7.2/avr5\libgcc.a(_fpcmp_parts_sf.o)
 *(.gnu.linkonce.wi.*)

.debug_abbrev   0x00000000      0xe53
 *(.debug_abbrev)
 .debug_abbrev  0x00000000       0x60 e:/avr-programowanie/c/atmeltoolchain/bin/../lib/gcc/avr/4.7.2/avr5\libgcc.a(_fixunssfsi.o)
 .debug_abbrev  0x00000060      0x215 e:/avr-programowanie/c/atmeltoolchain/bin/../lib/gcc/avr/4.7.2/avr5\libgcc.a(_addsub_sf.o)
 .debug_abbrev  0x00000275      0x228 e:/avr-programowanie/c/atmeltoolchain/bin/../lib/gcc/avr/4.7.2/avr5\libgcc.a(_mul_sf.o)
 .debug_abbrev  0x0000049d      0x1a5 e:/avr-programowanie/c/atmeltoolchain/bin/../lib/gcc/avr/4.7.2/avr5\libgcc.a(_ge_sf.o)
 .debug_abbrev  0x00000642      0x194 e:/avr-programowanie/c/atmeltoolchain/bin/../lib/gcc/avr/4.7.2/avr5\libgcc.a(_sf_to_si.o)
 .debug_abbrev  0x000007d6       0xb6 e:/avr-programowanie/c/atmeltoolchain/bin/../lib/gcc/avr/4.7.2/avr5\libgcc.a(_thenan_sf.o)
 .debug_abbrev  0x0000088c      0x1b6 e:/avr-programowanie/c/atmeltoolchain/bin/../lib/gcc/avr/4.7.2/avr5\libgcc.a(_usi_to_sf.o)
 .debug_abbrev  0x00000a42      0x195 e:/avr-programowanie/c/atmeltoolchain/bin/../lib/gcc/avr/4.7.2/avr5\libgcc.a(_pack_sf.o)
 .debug_abbrev  0x00000bd7      0x15f e:/avr-programowanie/c/atmeltoolchain/bin/../lib/gcc/avr/4.7.2/avr5\libgcc.a(_unpack_sf.o)
 .debug_abbrev  0x00000d36      0x11d e:/avr-programowanie/c/atmeltoolchain/bin/../lib/gcc/avr/4.7.2/avr5\libgcc.a(_fpcmp_parts_sf.o)

.debug_line     0x00000000      0x7d6
 *(.debug_line)
 .debug_line    0x00000000       0x99 e:/avr-programowanie/c/atmeltoolchain/bin/../lib/gcc/avr/4.7.2/avr5\libgcc.a(_fixunssfsi.o)
 .debug_line    0x00000099       0xfc e:/avr-programowanie/c/atmeltoolchain/bin/../lib/gcc/avr/4.7.2/avr5\libgcc.a(_addsub_sf.o)
 .debug_line    0x00000195       0xfd e:/avr-programowanie/c/atmeltoolchain/bin/../lib/gcc/avr/4.7.2/avr5\libgcc.a(_mul_sf.o)
 .debug_line    0x00000292      0x10b e:/avr-programowanie/c/atmeltoolchain/bin/../lib/gcc/avr/4.7.2/avr5\libgcc.a(_ge_sf.o)
 .debug_line    0x0000039d       0xab e:/avr-programowanie/c/atmeltoolchain/bin/../lib/gcc/avr/4.7.2/avr5\libgcc.a(_sf_to_si.o)
 .debug_line    0x00000448       0x83 e:/avr-programowanie/c/atmeltoolchain/bin/../lib/gcc/avr/4.7.2/avr5\libgcc.a(_thenan_sf.o)
 .debug_line    0x000004cb       0xb1 e:/avr-programowanie/c/atmeltoolchain/bin/../lib/gcc/avr/4.7.2/avr5\libgcc.a(_usi_to_sf.o)
 .debug_line    0x0000057c       0xd4 e:/avr-programowanie/c/atmeltoolchain/bin/../lib/gcc/avr/4.7.2/avr5\libgcc.a(_pack_sf.o)
 .debug_line    0x00000650       0xb7 e:/avr-programowanie/c/atmeltoolchain/bin/../lib/gcc/avr/4.7.2/avr5\libgcc.a(_unpack_sf.o)
 .debug_line    0x00000707       0xcf e:/avr-programowanie/c/atmeltoolchain/bin/../lib/gcc/avr/4.7.2/avr5\libgcc.a(_fpcmp_parts_sf.o)

.debug_frame    0x00000000      0x230
 *(.debug_frame)
 .debug_frame   0x00000000       0x44 e:/avr-programowanie/c/atmeltoolchain/bin/../lib/gcc/avr/4.7.2/avr5\libgcc.a(_fixunssfsi.o)
 .debug_frame   0x00000044       0x78 e:/avr-programowanie/c/atmeltoolchain/bin/../lib/gcc/avr/4.7.2/avr5\libgcc.a(_addsub_sf.o)
 .debug_frame   0x000000bc       0x48 e:/avr-programowanie/c/atmeltoolchain/bin/../lib/gcc/avr/4.7.2/avr5\libgcc.a(_mul_sf.o)
 .debug_frame   0x00000104       0x2c e:/avr-programowanie/c/atmeltoolchain/bin/../lib/gcc/avr/4.7.2/avr5\libgcc.a(_ge_sf.o)
 .debug_frame   0x00000130       0x30 e:/avr-programowanie/c/atmeltoolchain/bin/../lib/gcc/avr/4.7.2/avr5\libgcc.a(_sf_to_si.o)
 .debug_frame   0x00000160       0x38 e:/avr-programowanie/c/atmeltoolchain/bin/../lib/gcc/avr/4.7.2/avr5\libgcc.a(_usi_to_sf.o)
 .debug_frame   0x00000198       0x38 e:/avr-programowanie/c/atmeltoolchain/bin/../lib/gcc/avr/4.7.2/avr5\libgcc.a(_pack_sf.o)
 .debug_frame   0x000001d0       0x34 e:/avr-programowanie/c/atmeltoolchain/bin/../lib/gcc/avr/4.7.2/avr5\libgcc.a(_unpack_sf.o)
 .debug_frame   0x00000204       0x2c e:/avr-programowanie/c/atmeltoolchain/bin/../lib/gcc/avr/4.7.2/avr5\libgcc.a(_fpcmp_parts_sf.o)

.debug_str      0x00000000      0x362
 *(.debug_str)
 .debug_str     0x00000000      0x12d e:/avr-programowanie/c/atmeltoolchain/bin/../lib/gcc/avr/4.7.2/avr5\libgcc.a(_fixunssfsi.o)
                                0x173 (size before relaxing)
 .debug_str     0x0000012d      0x1b4 e:/avr-programowanie/c/atmeltoolchain/bin/../lib/gcc/avr/4.7.2/avr5\libgcc.a(_addsub_sf.o)
                                0x2ae (size before relaxing)
 .debug_str     0x000002e1       0x27 e:/avr-programowanie/c/atmeltoolchain/bin/../lib/gcc/avr/4.7.2/avr5\libgcc.a(_mul_sf.o)
                                0x267 (size before relaxing)
 .debug_str     0x00000308       0x1f e:/avr-programowanie/c/atmeltoolchain/bin/../lib/gcc/avr/4.7.2/avr5\libgcc.a(_ge_sf.o)
                                0x23c (size before relaxing)
 .debug_str     0x00000327        0xa e:/avr-programowanie/c/atmeltoolchain/bin/../lib/gcc/avr/4.7.2/avr5\libgcc.a(_sf_to_si.o)
                                0x235 (size before relaxing)
 .debug_str     0x00000000      0x1cc e:/avr-programowanie/c/atmeltoolchain/bin/../lib/gcc/avr/4.7.2/avr5\libgcc.a(_thenan_sf.o)
 .debug_str     0x00000331       0x2a e:/avr-programowanie/c/atmeltoolchain/bin/../lib/gcc/avr/4.7.2/avr5\libgcc.a(_usi_to_sf.o)
                                0x215 (size before relaxing)
 .debug_str     0x0000035b        0x7 e:/avr-programowanie/c/atmeltoolchain/bin/../lib/gcc/avr/4.7.2/avr5\libgcc.a(_pack_sf.o)
                                0x229 (size before relaxing)
 .debug_str     0x00000000      0x20b e:/avr-programowanie/c/atmeltoolchain/bin/../lib/gcc/avr/4.7.2/avr5\libgcc.a(_unpack_sf.o)
 .debug_str     0x00000000      0x1ef e:/avr-programowanie/c/atmeltoolchain/bin/../lib/gcc/avr/4.7.2/avr5\libgcc.a(_fpcmp_parts_sf.o)

.debug_loc      0x00000000      0xbee
 *(.debug_loc)
 .debug_loc     0x00000000       0xa7 e:/avr-programowanie/c/atmeltoolchain/bin/../lib/gcc/avr/4.7.2/avr5\libgcc.a(_fixunssfsi.o)
 .debug_loc     0x000000a7      0x42d e:/avr-programowanie/c/atmeltoolchain/bin/../lib/gcc/avr/4.7.2/avr5\libgcc.a(_addsub_sf.o)
 .debug_loc     0x000004d4      0x21c e:/avr-programowanie/c/atmeltoolchain/bin/../lib/gcc/avr/4.7.2/avr5\libgcc.a(_mul_sf.o)
 .debug_loc     0x000006f0       0xa1 e:/avr-programowanie/c/atmeltoolchain/bin/../lib/gcc/avr/4.7.2/avr5\libgcc.a(_ge_sf.o)
 .debug_loc     0x00000791       0x9f e:/avr-programowanie/c/atmeltoolchain/bin/../lib/gcc/avr/4.7.2/avr5\libgcc.a(_sf_to_si.o)
 .debug_loc     0x00000830      0x133 e:/avr-programowanie/c/atmeltoolchain/bin/../lib/gcc/avr/4.7.2/avr5\libgcc.a(_usi_to_sf.o)
 .debug_loc     0x00000963      0x148 e:/avr-programowanie/c/atmeltoolchain/bin/../lib/gcc/avr/4.7.2/avr5\libgcc.a(_pack_sf.o)
 .debug_loc     0x00000aab       0xf9 e:/avr-programowanie/c/atmeltoolchain/bin/../lib/gcc/avr/4.7.2/avr5\libgcc.a(_unpack_sf.o)
 .debug_loc     0x00000ba4       0x4a e:/avr-programowanie/c/atmeltoolchain/bin/../lib/gcc/avr/4.7.2/avr5\libgcc.a(_fpcmp_parts_sf.o)

.debug_macinfo
 *(.debug_macinfo)

.debug_pubtypes
 *(.debug_pubtypes)

.debug_ranges   0x00000000       0x18
 *(.debug_ranges)
 .debug_ranges  0x00000000       0x18 e:/avr-programowanie/c/atmeltoolchain/bin/../lib/gcc/avr/4.7.2/avr5\libgcc.a(_mul_sf.o)

.debug_macro
 *(.debug_macro)
OUTPUT(98_m32_KS010x.elf elf32-avr)
LOAD linker stubs
