Archive member included because of file (symbol)

e:/avr-programowanie/c/atmeltoolchain/bin/../lib/gcc/avr/4.7.2/avr5\libgcc.a(_exit.o)
                              e:/avr-programowanie/c/atmeltoolchain/bin/../lib/gcc/avr/4.7.2/../../../../avr/lib/avr5/crtm32.o (exit)
e:/avr-programowanie/c/atmeltoolchain/bin/../lib/gcc/avr/4.7.2/avr5\libgcc.a(_copy_data.o)
                              ./main.o (__do_copy_data)
e:/avr-programowanie/c/atmeltoolchain/bin/../lib/gcc/avr/4.7.2/avr5\libgcc.a(_clear_bss.o)
                              ./MKUART/mkuart.o (__do_clear_bss)
e:/avr-programowanie/c/atmeltoolchain/bin/../lib/gcc/avr/4.7.2/../../../../avr/lib/avr5\libc.a(itoa.o)
                              ./MKUART/mkuart.o (itoa)
e:/avr-programowanie/c/atmeltoolchain/bin/../lib/gcc/avr/4.7.2/../../../../avr/lib/avr5\libc.a(strrev.o)
                              e:/avr-programowanie/c/atmeltoolchain/bin/../lib/gcc/avr/4.7.2/../../../../avr/lib/avr5\libc.a(itoa.o) (strrev)
e:/avr-programowanie/c/atmeltoolchain/bin/../lib/gcc/avr/4.7.2/avr5\libgcc.a(_udivmodhi4.o)
                              e:/avr-programowanie/c/atmeltoolchain/bin/../lib/gcc/avr/4.7.2/../../../../avr/lib/avr5\libc.a(itoa.o) (__udivmodhi4)

Allocating common symbols
Common symbol       size              file

UART_TxHead         0x1               ./MKUART/mkuart.o
UART_TxTail         0x1               ./MKUART/mkuart.o
UART_TxBuf          0x10              ./MKUART/mkuart.o
UART_RxHead         0x1               ./MKUART/mkuart.o
UART_RxTail         0x1               ./MKUART/mkuart.o
UART_RxBuf          0x20              ./MKUART/mkuart.o

Memory Configuration

Name             Origin             Length             Attributes
text             0x00000000         0x00020000         xr
data             0x00800060         0x0000ffa0         rw !x
eeprom           0x00810000         0x00010000         rw !x
fuse             0x00820000         0x00000400         rw !x
lock             0x00830000         0x00000400         rw !x
signature        0x00840000         0x00000400         rw !x
user_signatures  0x00850000         0x00000400         rw !x
*default*        0x00000000         0xffffffff

Linker script and memory map

LOAD e:/avr-programowanie/c/atmeltoolchain/bin/../lib/gcc/avr/4.7.2/../../../../avr/lib/avr5/crtm32.o
LOAD ./MKUART/mkuart.o
LOAD ./main.o
LOAD e:/avr-programowanie/c/atmeltoolchain/bin/../lib/gcc/avr/4.7.2/avr5\libgcc.a
LOAD e:/avr-programowanie/c/atmeltoolchain/bin/../lib/gcc/avr/4.7.2/../../../../avr/lib/avr5\libc.a
LOAD e:/avr-programowanie/c/atmeltoolchain/bin/../lib/gcc/avr/4.7.2/avr5\libgcc.a

.hash
 *(.hash)

.dynsym
 *(.dynsym)

.dynstr
 *(.dynstr)

.gnu.version
 *(.gnu.version)

.gnu.version_d
 *(.gnu.version_d)

.gnu.version_r
 *(.gnu.version_r)

.rel.init
 *(.rel.init)

.rela.init
 *(.rela.init)

.rel.text
 *(.rel.text)
 *(.rel.text.*)
 *(.rel.gnu.linkonce.t*)

.rela.text
 *(.rela.text)
 *(.rela.text.*)
 *(.rela.gnu.linkonce.t*)

.rel.fini
 *(.rel.fini)

.rela.fini
 *(.rela.fini)

.rel.rodata
 *(.rel.rodata)
 *(.rel.rodata.*)
 *(.rel.gnu.linkonce.r*)

.rela.rodata
 *(.rela.rodata)
 *(.rela.rodata.*)
 *(.rela.gnu.linkonce.r*)

.rel.data
 *(.rel.data)
 *(.rel.data.*)
 *(.rel.gnu.linkonce.d*)

.rela.data
 *(.rela.data)
 *(.rela.data.*)
 *(.rela.gnu.linkonce.d*)

.rel.ctors
 *(.rel.ctors)

.rela.ctors
 *(.rela.ctors)

.rel.dtors
 *(.rel.dtors)

.rela.dtors
 *(.rela.dtors)

.rel.got
 *(.rel.got)

.rela.got
 *(.rela.got)

.rel.bss
 *(.rel.bss)

.rela.bss
 *(.rela.bss)

.rel.plt
 *(.rel.plt)

.rela.plt
 *(.rela.plt)

.text           0x00000000      0x2d8
 *(.vectors)
 .vectors       0x00000000       0x54 e:/avr-programowanie/c/atmeltoolchain/bin/../lib/gcc/avr/4.7.2/../../../../avr/lib/avr5/crtm32.o
                0x00000000                __vector_default
                0x00000000                __vectors
 *(.vectors)
 *(.progmem.gcc*)
 *(.progmem*)
                0x00000054                . = ALIGN (0x2)
                0x00000054                __trampolines_start = .
 *(.trampolines)
 .trampolines   0x00000054        0x0 linker stubs
 *(.trampolines*)
                0x00000054                __trampolines_end = .
 *(.jumptables)
 *(.jumptables*)
 *(.lowtext)
 *(.lowtext*)
                0x00000054                __ctors_start = .
 *(.ctors)
                0x00000054                __ctors_end = .
                0x00000054                __dtors_start = .
 *(.dtors)
                0x00000054                __dtors_end = .
 SORT(*)(.ctors)
 SORT(*)(.dtors)
 *(.init0)
 .init0         0x00000054        0x0 e:/avr-programowanie/c/atmeltoolchain/bin/../lib/gcc/avr/4.7.2/../../../../avr/lib/avr5/crtm32.o
                0x00000054                __init
 *(.init0)
 *(.init1)
 *(.init1)
 *(.init2)
 .init2         0x00000054        0xc e:/avr-programowanie/c/atmeltoolchain/bin/../lib/gcc/avr/4.7.2/../../../../avr/lib/avr5/crtm32.o
 *(.init2)
 *(.init3)
 *(.init3)
 *(.init4)
 .init4         0x00000060       0x16 e:/avr-programowanie/c/atmeltoolchain/bin/../lib/gcc/avr/4.7.2/avr5\libgcc.a(_copy_data.o)
                0x00000060                __do_copy_data
 .init4         0x00000076       0x10 e:/avr-programowanie/c/atmeltoolchain/bin/../lib/gcc/avr/4.7.2/avr5\libgcc.a(_clear_bss.o)
                0x00000076                __do_clear_bss
 *(.init4)
 *(.init5)
 *(.init5)
 *(.init6)
 *(.init6)
 *(.init7)
 *(.init7)
 *(.init8)
 *(.init8)
 *(.init9)
 .init9         0x00000086        0x8 e:/avr-programowanie/c/atmeltoolchain/bin/../lib/gcc/avr/4.7.2/../../../../avr/lib/avr5/crtm32.o
 *(.init9)
 *(.text)
 .text          0x0000008e        0x4 e:/avr-programowanie/c/atmeltoolchain/bin/../lib/gcc/avr/4.7.2/../../../../avr/lib/avr5/crtm32.o
                0x0000008e                __vector_1
                0x0000008e                __vector_12
                0x0000008e                __bad_interrupt
                0x0000008e                __vector_6
                0x0000008e                __vector_3
                0x0000008e                __vector_11
                0x0000008e                __vector_17
                0x0000008e                __vector_19
                0x0000008e                __vector_7
                0x0000008e                __vector_5
                0x0000008e                __vector_4
                0x0000008e                __vector_9
                0x0000008e                __vector_2
                0x0000008e                __vector_8
                0x0000008e                __vector_10
                0x0000008e                __vector_16
                0x0000008e                __vector_18
                0x0000008e                __vector_20
 .text          0x00000092        0x0 ./MKUART/mkuart.o
 .text          0x00000092        0x0 ./main.o
 .text          0x00000092        0x0 e:/avr-programowanie/c/atmeltoolchain/bin/../lib/gcc/avr/4.7.2/avr5\libgcc.a(_exit.o)
 .text          0x00000092        0x0 e:/avr-programowanie/c/atmeltoolchain/bin/../lib/gcc/avr/4.7.2/avr5\libgcc.a(_copy_data.o)
 .text          0x00000092        0x0 e:/avr-programowanie/c/atmeltoolchain/bin/../lib/gcc/avr/4.7.2/avr5\libgcc.a(_clear_bss.o)
 .text          0x00000092        0x0 e:/avr-programowanie/c/atmeltoolchain/bin/../lib/gcc/avr/4.7.2/../../../../avr/lib/avr5\libc.a(itoa.o)
 .text          0x00000092        0x0 e:/avr-programowanie/c/atmeltoolchain/bin/../lib/gcc/avr/4.7.2/../../../../avr/lib/avr5\libc.a(strrev.o)
 .text          0x00000092        0x0 e:/avr-programowanie/c/atmeltoolchain/bin/../lib/gcc/avr/4.7.2/avr5\libgcc.a(_udivmodhi4.o)
                0x00000092                . = ALIGN (0x2)
 *(.text.*)
 .text.USART_Init
                0x00000092       0x18 ./MKUART/mkuart.o
                0x00000092                USART_Init
 .text.__vector_15
                0x000000aa       0x16 ./MKUART/mkuart.o
                0x000000aa                __vector_15
 .text.uart_putc
                0x000000c0       0x22 ./MKUART/mkuart.o
                0x000000c0                uart_putc
 .text.uart_puts
                0x000000e2       0x18 ./MKUART/mkuart.o
                0x000000e2                uart_puts
 .text.uart_putint
                0x000000fa       0x3a ./MKUART/mkuart.o
                0x000000fa                uart_putint
 .text.__vector_14
                0x00000134       0x4e ./MKUART/mkuart.o
                0x00000134                __vector_14
 .text.uart_getc
                0x00000182       0x2a ./MKUART/mkuart.o
                0x00000182                uart_getc
 .text.__vector_13
                0x000001ac       0x42 ./MKUART/mkuart.o
                0x000001ac                __vector_13
 .text.startup.main
                0x000001ee       0x5c ./main.o
                0x000001ee                main
 .text.libgcc.mul
                0x0000024a        0x0 e:/avr-programowanie/c/atmeltoolchain/bin/../lib/gcc/avr/4.7.2/avr5\libgcc.a(_exit.o)
 .text.libgcc.div
                0x0000024a        0x0 e:/avr-programowanie/c/atmeltoolchain/bin/../lib/gcc/avr/4.7.2/avr5\libgcc.a(_exit.o)
 .text.libgcc   0x0000024a        0x0 e:/avr-programowanie/c/atmeltoolchain/bin/../lib/gcc/avr/4.7.2/avr5\libgcc.a(_exit.o)
 .text.libgcc.prologue
                0x0000024a        0x0 e:/avr-programowanie/c/atmeltoolchain/bin/../lib/gcc/avr/4.7.2/avr5\libgcc.a(_exit.o)
 .text.libgcc.builtins
                0x0000024a        0x0 e:/avr-programowanie/c/atmeltoolchain/bin/../lib/gcc/avr/4.7.2/avr5\libgcc.a(_exit.o)
 .text.libgcc.fmul
                0x0000024a        0x0 e:/avr-programowanie/c/atmeltoolchain/bin/../lib/gcc/avr/4.7.2/avr5\libgcc.a(_exit.o)
 .text.libgcc.mul
                0x0000024a        0x0 e:/avr-programowanie/c/atmeltoolchain/bin/../lib/gcc/avr/4.7.2/avr5\libgcc.a(_copy_data.o)
 .text.libgcc.div
                0x0000024a        0x0 e:/avr-programowanie/c/atmeltoolchain/bin/../lib/gcc/avr/4.7.2/avr5\libgcc.a(_copy_data.o)
 .text.libgcc   0x0000024a        0x0 e:/avr-programowanie/c/atmeltoolchain/bin/../lib/gcc/avr/4.7.2/avr5\libgcc.a(_copy_data.o)
 .text.libgcc.prologue
                0x0000024a        0x0 e:/avr-programowanie/c/atmeltoolchain/bin/../lib/gcc/avr/4.7.2/avr5\libgcc.a(_copy_data.o)
 .text.libgcc.builtins
                0x0000024a        0x0 e:/avr-programowanie/c/atmeltoolchain/bin/../lib/gcc/avr/4.7.2/avr5\libgcc.a(_copy_data.o)
 .text.libgcc.fmul
                0x0000024a        0x0 e:/avr-programowanie/c/atmeltoolchain/bin/../lib/gcc/avr/4.7.2/avr5\libgcc.a(_copy_data.o)
 .text.libgcc.mul
                0x0000024a        0x0 e:/avr-programowanie/c/atmeltoolchain/bin/../lib/gcc/avr/4.7.2/avr5\libgcc.a(_clear_bss.o)
 .text.libgcc.div
                0x0000024a        0x0 e:/avr-programowanie/c/atmeltoolchain/bin/../lib/gcc/avr/4.7.2/avr5\libgcc.a(_clear_bss.o)
 .text.libgcc   0x0000024a        0x0 e:/avr-programowanie/c/atmeltoolchain/bin/../lib/gcc/avr/4.7.2/avr5\libgcc.a(_clear_bss.o)
 .text.libgcc.prologue
                0x0000024a        0x0 e:/avr-programowanie/c/atmeltoolchain/bin/../lib/gcc/avr/4.7.2/avr5\libgcc.a(_clear_bss.o)
 .text.libgcc.builtins
                0x0000024a        0x0 e:/avr-programowanie/c/atmeltoolchain/bin/../lib/gcc/avr/4.7.2/avr5\libgcc.a(_clear_bss.o)
 .text.libgcc.fmul
                0x0000024a        0x0 e:/avr-programowanie/c/atmeltoolchain/bin/../lib/gcc/avr/4.7.2/avr5\libgcc.a(_clear_bss.o)
 .text.avr-libc
                0x0000024a       0x42 e:/avr-programowanie/c/atmeltoolchain/bin/../lib/gcc/avr/4.7.2/../../../../avr/lib/avr5\libc.a(itoa.o)
                0x0000024a                itoa
 .text.avr-libc
                0x0000028c       0x20 e:/avr-programowanie/c/atmeltoolchain/bin/../lib/gcc/avr/4.7.2/../../../../avr/lib/avr5\libc.a(strrev.o)
                0x0000028c                strrev
 .text.libgcc.mul
                0x000002ac        0x0 e:/avr-programowanie/c/atmeltoolchain/bin/../lib/gcc/avr/4.7.2/avr5\libgcc.a(_udivmodhi4.o)
 .text.libgcc.div
                0x000002ac       0x28 e:/avr-programowanie/c/atmeltoolchain/bin/../lib/gcc/avr/4.7.2/avr5\libgcc.a(_udivmodhi4.o)
                0x000002ac                __udivmodhi4
 .text.libgcc   0x000002d4        0x0 e:/avr-programowanie/c/atmeltoolchain/bin/../lib/gcc/avr/4.7.2/avr5\libgcc.a(_udivmodhi4.o)
 .text.libgcc.prologue
                0x000002d4        0x0 e:/avr-programowanie/c/atmeltoolchain/bin/../lib/gcc/avr/4.7.2/avr5\libgcc.a(_udivmodhi4.o)
 .text.libgcc.builtins
                0x000002d4        0x0 e:/avr-programowanie/c/atmeltoolchain/bin/../lib/gcc/avr/4.7.2/avr5\libgcc.a(_udivmodhi4.o)
 .text.libgcc.fmul
                0x000002d4        0x0 e:/avr-programowanie/c/atmeltoolchain/bin/../lib/gcc/avr/4.7.2/avr5\libgcc.a(_udivmodhi4.o)
                0x000002d4                . = ALIGN (0x2)
 *(.fini9)
 .fini9         0x000002d4        0x0 e:/avr-programowanie/c/atmeltoolchain/bin/../lib/gcc/avr/4.7.2/avr5\libgcc.a(_exit.o)
                0x000002d4                _exit
                0x000002d4                exit
 *(.fini9)
 *(.fini8)
 *(.fini8)
 *(.fini7)
 *(.fini7)
 *(.fini6)
 *(.fini6)
 *(.fini5)
 *(.fini5)
 *(.fini4)
 *(.fini4)
 *(.fini3)
 *(.fini3)
 *(.fini2)
 *(.fini2)
 *(.fini1)
 *(.fini1)
 *(.fini0)
 .fini0         0x000002d4        0x4 e:/avr-programowanie/c/atmeltoolchain/bin/../lib/gcc/avr/4.7.2/avr5\libgcc.a(_exit.o)
 *(.fini0)
                0x000002d8                _etext = .

.data           0x00800060       0x1e load address 0x000002d8
                0x00800060                PROVIDE (__data_start, .)
 *(.data)
 .data          0x00800060        0x0 e:/avr-programowanie/c/atmeltoolchain/bin/../lib/gcc/avr/4.7.2/../../../../avr/lib/avr5/crtm32.o
 .data          0x00800060        0x0 ./MKUART/mkuart.o
 .data          0x00800060        0x0 ./main.o
 .data          0x00800060        0x0 e:/avr-programowanie/c/atmeltoolchain/bin/../lib/gcc/avr/4.7.2/avr5\libgcc.a(_exit.o)
 .data          0x00800060        0x0 e:/avr-programowanie/c/atmeltoolchain/bin/../lib/gcc/avr/4.7.2/avr5\libgcc.a(_copy_data.o)
 .data          0x00800060        0x0 e:/avr-programowanie/c/atmeltoolchain/bin/../lib/gcc/avr/4.7.2/avr5\libgcc.a(_clear_bss.o)
 .data          0x00800060        0x0 e:/avr-programowanie/c/atmeltoolchain/bin/../lib/gcc/avr/4.7.2/../../../../avr/lib/avr5\libc.a(itoa.o)
 .data          0x00800060        0x0 e:/avr-programowanie/c/atmeltoolchain/bin/../lib/gcc/avr/4.7.2/../../../../avr/lib/avr5\libc.a(strrev.o)
 .data          0x00800060        0x0 e:/avr-programowanie/c/atmeltoolchain/bin/../lib/gcc/avr/4.7.2/avr5\libgcc.a(_udivmodhi4.o)
 *(.data*)
 *(.rodata)
 *(.rodata*)
 .rodata.str1.1
                0x00800060       0x1d ./main.o
 *(.gnu.linkonce.d*)
                0x0080007e                . = ALIGN (0x2)
 *fill*         0x0080007d        0x1 
                0x0080007e                _edata = .
                0x0080007e                PROVIDE (__data_end, .)

.bss            0x0080007e       0x34
                0x0080007e                PROVIDE (__bss_start, .)
 *(.bss)
 .bss           0x0080007e        0x0 e:/avr-programowanie/c/atmeltoolchain/bin/../lib/gcc/avr/4.7.2/../../../../avr/lib/avr5/crtm32.o
 .bss           0x0080007e        0x0 ./MKUART/mkuart.o
 .bss           0x0080007e        0x0 ./main.o
 .bss           0x0080007e        0x0 e:/avr-programowanie/c/atmeltoolchain/bin/../lib/gcc/avr/4.7.2/avr5\libgcc.a(_exit.o)
 .bss           0x0080007e        0x0 e:/avr-programowanie/c/atmeltoolchain/bin/../lib/gcc/avr/4.7.2/avr5\libgcc.a(_copy_data.o)
 .bss           0x0080007e        0x0 e:/avr-programowanie/c/atmeltoolchain/bin/../lib/gcc/avr/4.7.2/avr5\libgcc.a(_clear_bss.o)
 .bss           0x0080007e        0x0 e:/avr-programowanie/c/atmeltoolchain/bin/../lib/gcc/avr/4.7.2/../../../../avr/lib/avr5\libc.a(itoa.o)
 .bss           0x0080007e        0x0 e:/avr-programowanie/c/atmeltoolchain/bin/../lib/gcc/avr/4.7.2/../../../../avr/lib/avr5\libc.a(strrev.o)
 .bss           0x0080007e        0x0 e:/avr-programowanie/c/atmeltoolchain/bin/../lib/gcc/avr/4.7.2/avr5\libgcc.a(_udivmodhi4.o)
 *(.bss*)
 *(COMMON)
 COMMON         0x0080007e       0x34 ./MKUART/mkuart.o
                0x0080007e                UART_TxHead
                0x0080007f                UART_TxTail
                0x00800080                UART_TxBuf
                0x00800090                UART_RxHead
                0x00800091                UART_RxTail
                0x00800092                UART_RxBuf
                0x008000b2                PROVIDE (__bss_end, .)
                0x000002d8                __data_load_start = LOADADDR (.data)
                0x000002f6                __data_load_end = (__data_load_start + SIZEOF (.data))

.noinit         0x008000b2        0x0
                0x008000b2                PROVIDE (__noinit_start, .)
 *(.noinit*)
                0x008000b2                PROVIDE (__noinit_end, .)
                0x008000b2                _end = .
                0x008000b2                PROVIDE (__heap_start, .)

.eeprom         0x00810000        0x0
 *(.eeprom*)
                0x00810000                __eeprom_end = .

.fuse
 *(.fuse)
 *(.lfuse)
 *(.hfuse)
 *(.efuse)

.lock
 *(.lock*)

.signature
 *(.signature*)

.user_signatures
 *(.user_signatures*)

.stab           0x00000000      0x954
 *(.stab)
 .stab          0x00000000      0x6cc e:/avr-programowanie/c/atmeltoolchain/bin/../lib/gcc/avr/4.7.2/../../../../avr/lib/avr5/crtm32.o
 .stab          0x000006cc      0x1b0 e:/avr-programowanie/c/atmeltoolchain/bin/../lib/gcc/avr/4.7.2/../../../../avr/lib/avr5\libc.a(itoa.o)
                                0x1bc (size before relaxing)
 .stab          0x0000087c       0xd8 e:/avr-programowanie/c/atmeltoolchain/bin/../lib/gcc/avr/4.7.2/../../../../avr/lib/avr5\libc.a(strrev.o)
                                 0xe4 (size before relaxing)

.stabstr        0x00000000      0x183
 *(.stabstr)
 .stabstr       0x00000000      0x183 e:/avr-programowanie/c/atmeltoolchain/bin/../lib/gcc/avr/4.7.2/../../../../avr/lib/avr5/crtm32.o

.stab.excl
 *(.stab.excl)

.stab.exclstr
 *(.stab.exclstr)

.stab.index
 *(.stab.index)

.stab.indexstr
 *(.stab.indexstr)

.comment        0x00000000       0x2f
 *(.comment)
 .comment       0x00000000       0x2f ./MKUART/mkuart.o
                                 0x30 (size before relaxing)
 .comment       0x00000000       0x30 ./main.o

.debug
 *(.debug)

.line
 *(.line)

.debug_srcinfo
 *(.debug_srcinfo)

.debug_sfnames
 *(.debug_sfnames)

.debug_aranges
 *(.debug_aranges)

.debug_pubnames
 *(.debug_pubnames)

.debug_info
 *(.debug_info)
 *(.gnu.linkonce.wi.*)

.debug_abbrev
 *(.debug_abbrev)

.debug_line
 *(.debug_line)

.debug_frame
 *(.debug_frame)

.debug_str
 *(.debug_str)

.debug_loc
 *(.debug_loc)

.debug_macinfo
 *(.debug_macinfo)

.debug_pubtypes
 *(.debug_pubtypes)

.debug_ranges
 *(.debug_ranges)

.debug_macro
 *(.debug_macro)
OUTPUT(07_UART_kalibracja.elf elf32-avr)
LOAD linker stubs
